/nix/store/0hxhsk7s9cr87w14iv96vkbzwhbjy3zl-cargo-octet-0.1.0/
/nix/store/wz1xnvf3flic8ybrk1gdsvdn0m9pc3dd-cargo-octet-0.1.0/
/nix/store/d6jpj01dkw0n7r67gnm3pqa66m3d5ajs-cargo-octet-0.1.0/
/nix/store/frdzpwcscn2rlgpr3hf3h3cfmnr0wqp8-cargo-octet-runtime-path/
/nix/store/763k22p2mcyrinw5wrc1jl0614cqjbs4-cargo-octet-0.1.0/
/nix/store/b2g3bjs7mvnqq1068yciyx884jsxh1nb-cargo-octet-0.1.0-fish-completions/
/nix/store/jlzqldanjg7yyk2yp165x15g4pda31m6-cargo-octet-0.1.0/
/nix/store/ak4nnm7grqd2fz8k2p9iwdjgsalrkq21-cargo-octet-runtime-path/
/nix/store/v2p2q84pph974w7bj9jm4rsgb9l07jqc-cargo-octet-runtime-path/
/nix/store/m8j79md8kinpylqjv6xvggxpxrpnlvg2-cargo-octet-0.1.0/
/nix/store/pd2zk5x0h395qfa4jsxg4mq2pkr6lps4-cargo-octet-0.1.0/
/nix/store/vky5i8cnjfpnr3qmxi08dyblxyl1rmpq-cargo-octet-0.1.0/
/nix/store/6ni2c342ml45s39igd6im51yncfi37fv-cargo-octet-0.1.0/
/nix/store/0j0pqnm378q0yinb717mrh1hx7rcfpf2-cargo-octet-0.1.0-fish-completions/
/nix/store/zb89aglfycca98x40cdab2g3bad3bz3n-cargo-octet-runtime-path/
/nix/store/4c1r6m81bw3smzlxks2q2di93cv9rmhs-cargo-octet-0.1.0/
/nix/store/1hwwlvkxlb873f80kpj8lcp7x06dzr9k-cargo-octet-0.1.0/
/nix/store/kg2l7zgd3q4sgpz4a2mw15cw8a2lbm1c-cargo-octet-0.1.0/
/nix/store/vlbzlwdhcbcnjdcsav13f746dzwnp99q-cargo-octet-0.1.0/
/nix/store/d9p8hpgrjlrqgbk5qcf9axwnr1zbbmas-cargo-octet-0.1.0-fish-completions/
/nix/store/992hnp6gcnriymsd2ykbjvhk29qxy2n1-cargo-octet-0.1.0/
/nix/store/xz30s10dbldbp1fl72yklcylcklwiza8-cargo-octet-0.1.0/
/nix/store/sh2ny8qjyx8vrdmn7b9mh4zl3b17sawx-cargo-octet-0.1.0/
/nix/store/habqdxiliipmfm3av26yswrkbbdc7swq-cargo-octet-0.1.0/
/nix/store/bqyajgk7miarwic0fc0ls8l7r8y2scf6-cargo-octet-0.1.0/
/nix/store/3d1gxyb70m7qqzsic3n0sq8p5fkz9xa4-cargo-octet-0.1.0/
/nix/store/p7bvfbszya5yc0zx83pszg98blpdp11q-cargo-octet-runtime-path/
/nix/store/v4zdrbgka5dlly7swq0bmm6ybglg5mw9-cargo-octet-0.1.0/
/nix/store/hzxf4i095683j5qk15vy29p0blx3fqs3-cargo-octet-0.1.0/
/nix/store/gki5l3h8bv8kx44zsgk2gwlfgrlr23gz-cargo-octet-0.1.0-fish-completions/
/nix/store/p4zviikqb1gabzfz1fipb16hvgphzxm8-cargo-octet-0.1.0/
/nix/store/8852h7vkb8fn37nw9pff2nby8v4gv37d-cargo-octet-0.1.0/
/nix/store/nqyajdb9w9145ld8xvw41in95pf60ipp-cargo-octet-0.1.0/
/nix/store/rc51kmcwa6g3dfcbvsaph0kn11hvzp2i-cargo-octet-runtime-path/
/nix/store/k5r3sywcngl4376h2njxcdzcv7wn4xg5-cargo-octet-0.1.0/
/nix/store/cy4f1sdl79872dbh7kraf244230iwr4g-cargo-octet-0.1.0/
/nix/store/njphskr4mfna7gjsks3l33xna9wzrsya-cargo-octet-0.1.0/
/nix/store/23nnn7k50vc9kcbdyp15y8r5al8z7bw5-cargo-octet-0.1.0/
/nix/store/0p0586kx0aj2vpxki4k41plwp6fl7rzn-animus-octet-driver-scope/
/nix/store/75vjklgzb926m9cmv7i1qh33izaix185-cargo-octet-0.1.0/
/nix/store/5r5141daipdc80yvgh4lnni2a28lvmig-cargo-octet-0.1.0/
/nix/store/nz4pg98l2rk151va2dyjs7v1inc888sv-cargo-octet-0.1.0/
/nix/store/lx3hy9n8mv0lac3wgw4xvy0gbq8hk86v-cargo-octet-0.1.0/
/nix/store/bd0flc4ca751zwx81a2d5jf3abx68hpr-cargo-octet-runtime-path/
