## feat/molten-node-content-service
8e98d752dd3a28e2ffd9a5980e79206a5c2761b1
## feat/molten-node-content-service
cbb77ccfe5d4a4f6ac8ae25b5fdc4a1540adc54c
/nix/store/gki5l3h8bv8kx44zsgk2gwlfgrlr23gz-cargo-octet-0.1.0-fish-completions/
/nix/store/frdzpwcscn2rlgpr3hf3h3cfmnr0wqp8-cargo-octet-runtime-path/
/nix/store/d9p8hpgrjlrqgbk5qcf9axwnr1zbbmas-cargo-octet-0.1.0-fish-completions/
/nix/store/vky5i8cnjfpnr3qmxi08dyblxyl1rmpq-cargo-octet-0.1.0/
/nix/store/6m81rjbw52cpcq9apaivkjp1ddfb1kdy-cargo-octet-0.1.0/
/nix/store/arsdclqr5dk7qd51ap89p50mvq4pc8bz-cargo-octet-runtime-path/
/nix/store/m8j79md8kinpylqjv6xvggxpxrpnlvg2-cargo-octet-0.1.0/
/nix/store/33wkvdjgdpjkmhk777yyszxh7aqvx7r9-cargo-octet-0.1.0/
/nix/store/zb89aglfycca98x40cdab2g3bad3bz3n-cargo-octet-runtime-path/
/nix/store/kg2l7zgd3q4sgpz4a2mw15cw8a2lbm1c-cargo-octet-0.1.0/
/nix/store/nvvirz2psl393qb6w0zvakqlxrv15hk5-cargo-octet-0.1.0/
/nix/store/sh2ny8qjyx8vrdmn7b9mh4zl3b17sawx-cargo-octet-0.1.0/
/nix/store/0j0pqnm378q0yinb717mrh1hx7rcfpf2-cargo-octet-0.1.0-fish-completions/
/nix/store/3d1gxyb70m7qqzsic3n0sq8p5fkz9xa4-cargo-octet-0.1.0/
/nix/store/bqyajgk7miarwic0fc0ls8l7r8y2scf6-cargo-octet-0.1.0/
/nix/store/23nnn7k50vc9kcbdyp15y8r5al8z7bw5-cargo-octet-0.1.0/
/nix/store/p4zviikqb1gabzfz1fipb16hvgphzxm8-cargo-octet-0.1.0/
/nix/store/nqyajdb9w9145ld8xvw41in95pf60ipp-cargo-octet-0.1.0/
/nix/store/hzxf4i095683j5qk15vy29p0blx3fqs3-cargo-octet-0.1.0/
/nix/store/lx3hy9n8mv0lac3wgw4xvy0gbq8hk86v-cargo-octet-0.1.0/
/nix/store/b2g3bjs7mvnqq1068yciyx884jsxh1nb-cargo-octet-0.1.0-fish-completions/
/nix/store/bd0flc4ca751zwx81a2d5jf3abx68hpr-cargo-octet-runtime-path/
