Running as unit: molten-node-service-quality.service; invocation ID: df5808be76d04a609f7fbde70e1322c2
   Compiling rustix v1.1.4
   Compiling linux-raw-sys v0.12.1
   Compiling once_cell v1.21.4
   Compiling ipnet v2.12.0
   Compiling rustls v0.23.40
   Compiling crossterm v0.29.0
   Compiling rustix-linux-procfs v0.1.1
   Compiling terminal_size v0.4.4
   Compiling fs-set-times v0.20.3
   Compiling cap-primitives v3.4.5
   Compiling miette v7.6.0
   Compiling inquire v0.9.4
   Compiling tempfile v3.27.0
   Compiling bounded-http v0.1.0 (https://seed.radicle.garden/z4ARxEt93T6gJTrTZpUyKHMAemPiv.git?rev=5abc2b93e0f288aba251a0750ce2d716eb9757fc#5abc2b93)
   Compiling secretspec v0.17.0
   Compiling cap-std v3.4.5
   Compiling cap-fs-ext v3.4.5
   Compiling cap-tempfile v3.4.5
   Compiling basalt v0.1.0 (ssh://git@github.com/OnixResearch/basalt.git?rev=89675cd4f585f837323c049e4a25f7b94c903038#89675cd4)
   Compiling molten-core v0.1.0 (/home/brittonr/git/OnixResearch/molten-worktrees/node-content-service/crates/molten-core)
   Compiling molten-node-host v0.1.0 (/home/brittonr/git/OnixResearch/molten-worktrees/node-content-service/crates/molten-node-host)
    Finished `test` profile [unoptimized] target(s) in 23.80s
     Running tests/atomic_namespace.rs (/home/brittonr/.cargo-target/molten-node97/debug/deps/atomic_namespace-305aff6d961e0f19)

running 2 tests
test atomic_leaf_replaces_whole_file_and_rejects_other_shapes ... ok
test concurrent_readers_observe_only_complete_snapshots ... ok

test result: ok. 2 passed; 0 failed; 0 ignored; 0 measured; 0 filtered out; finished in 0.00s

     Running tests/nodehostboundary.rs (/home/brittonr/.cargo-target/molten-node97/debug/deps/nodehostboundary-d589ec786d59e502)

running 5 tests
test malformed_manifest_fails_before_dependency_classification ... ok
test missing_core_dependency_is_reported ... ok
test forbidden_host_dependencies_are_reported_without_partial_admission ... ok
test production_and_positive_manifests_admit_only_node_host_dependencies ... ok
test direct_node_host_path_opens_capability_state_and_denies_invalid_locators ... ok

test result: ok. 5 passed; 0 failed; 0 ignored; 0 measured; 0 filtered out; finished in 0.00s

    Checking molten-core v0.1.0 (/home/brittonr/git/OnixResearch/molten-worktrees/node-content-service/crates/molten-core)
    Checking molten-node-host v0.1.0 (/home/brittonr/git/OnixResearch/molten-worktrees/node-content-service/crates/molten-node-host)
    Checking molten v0.1.0 (/home/brittonr/git/OnixResearch/molten-worktrees/node-content-service)
    Finished `dev` profile [unoptimized] target(s) in 56.84s
    Checking libc v0.2.186
    Checking subtle v2.6.1
    Checking typenum v1.20.0
    Checking getrandom v0.2.17
    Checking generic-array v0.14.7
    Checking serde_core v1.0.228
    Checking block-buffer v0.10.4
    Checking crypto-common v0.1.7
    Checking digest v0.10.7
    Checking rand_core v0.6.4
    Checking memchr v2.8.1
    Checking constant_time_eq v0.4.2
    Checking serde v1.0.228
    Checking arrayvec v0.7.6
    Checking blake3 v1.8.5
    Checking zerofrom v0.1.8
    Checking stable_deref_trait v1.2.1
    Checking yoke v0.8.2
    Checking linux-raw-sys v0.12.1
    Checking signature v2.2.0
    Checking hmac v0.12.1
    Checking rustix v1.1.4
    Checking smallvec v1.15.1
    Checking zerovec v0.11.6
    Checking zerocopy v0.8.48
    Checking sha2 v0.10.9
    Checking ff v0.13.1
    Checking once_cell v1.21.4
    Checking hashbrown v0.17.1
    Checking indexmap v2.14.0
    Checking ppv-lite86 v0.2.21
    Checking sec1 v0.7.3
    Checking group v0.13.0
    Checking num-integer v0.1.46
    Checking tinystr v0.8.3
    Checking hkdf v0.12.4
    Checking crypto-bigint v0.5.5
    Checking litemap v0.8.2
    Checking writeable v0.6.3
    Checking icu_locale_core v2.2.0
    Checking elliptic-curve v0.13.8
    Checking serde_json v1.0.149
    Checking zerotrie v0.2.4
    Checking potential_utf v0.1.5
    Checking spin v0.9.8
    Checking icu_collections v2.2.0
    Checking lazy_static v1.5.0
    Checking icu_provider v2.2.0
    Checking rfc6979 v0.4.0
    Checking aho-corasick v1.1.4
    Checking errno v0.3.14
    Checking signal-hook-registry v1.4.8
    Checking ecdsa v0.16.9
    Checking regex-automata v0.4.14
    Checking rand_chacha v0.3.1
    Checking log v0.4.30
    Checking mio v1.2.0
    Checking lock_api v0.4.14
    Checking curve25519-dalek v4.1.3
    Checking regex v1.12.3
    Checking rand v0.8.6
    Checking icu_normalizer v2.2.0
    Checking icu_properties v2.2.0
    Checking signal-hook v0.3.18
    Checking object v0.37.3
    Checking parking_lot_core v0.9.12
    Checking getrandom v0.3.4
    Checking getrandom v0.4.2
    Checking num-iter v0.1.45
    Checking ed25519 v2.2.3
    Checking rustc-demangle v0.1.27
    Checking ring v0.17.14
    Checking backtrace v0.3.76
    Checking ed25519-dalek v2.2.0
    Checking num-bigint-dig v0.8.6
    Checking derive_more v2.1.1
    Checking rand_core v0.9.5
    Checking parking_lot v0.12.5
    Checking idna_adapter v1.2.2
    Checking signal-hook-mio v0.2.5
    Checking primeorder v0.13.6
    Checking toml_parser v1.1.2+spec-1.1.0
    Checking rsa v0.9.10
    Checking crossterm v0.29.0
    Checking idna v1.1.0
    Checking rand_chacha v0.9.0
    Checking rustls-webpki v0.103.13
    Checking backtrace-ext v0.2.1
    Checking redb v2.6.3
    Checking uuid v1.23.1
    Checking terminal_size v0.4.4
    Checking serde_spanned v1.1.1
    Checking toml_datetime v0.7.5+spec-1.1.0
    Checking winnow v0.7.15
    Checking allocator-api2 v0.2.21
    Checking toml_writer v1.1.1+spec-1.1.0
    Checking inquire v0.9.4
    Checking toml v0.9.12+spec-1.1.0
    Checking miette v7.6.0
    Checking hashbrown v0.16.1
    Checking verified-logic v0.2.0 (ssh://git@github.com/OnixResearch/basalt.git?rev=89675cd4f585f837323c049e4a25f7b94c903038#89675cd4)
    Checking tempfile v3.27.0
    Checking tokio v1.52.3
    Checking rustls v0.23.40
    Checking rand v0.9.4
    Checking url v2.5.8
    Checking p256 v0.13.2
    Checking p384 v0.13.1
    Checking snafu v0.8.9
    Checking fs-set-times v0.20.3
    Checking k256 v0.13.4
    Checking num-bigint v0.4.6
    Checking rustix-linux-procfs v0.1.1
    Checking ucan-core v0.1.0 (ssh://git@github.com/OnixResearch/basalt.git?rev=89675cd4f585f837323c049e4a25f7b94c903038#89675cd4)
    Checking content-identity-core v0.1.0 (https://seed.radicle.garden/zA14jhTdwST4PxPBdsryc4zS7Kpq.git?rev=7f55597b5dc879b7601856e8d7fd0dbacaa2a498#7f55597b)
    Checking replay-ledger-core v0.1.0 (https://seed.radicle.garden/z3kGDT73ja8rewvGLwJFLF5MTx1ih.git?rev=a0de79303f3f45c18a34fff535b690a85cb3cf59#a0de7930)
    Checking bounded-http-core v0.1.0 (https://seed.radicle.garden/z4ARxEt93T6gJTrTZpUyKHMAemPiv.git?rev=5abc2b93e0f288aba251a0750ce2d716eb9757fc#5abc2b93)
    Checking revocation-view-core v0.1.0 (https://seed.radicle.garden/z3kGDT73ja8rewvGLwJFLF5MTx1ih.git?rev=a0de79303f3f45c18a34fff535b690a85cb3cf59#a0de7930)
    Checking secrecy v0.10.3
    Checking serde_bytes v0.11.19
    Checking ipnet v2.12.0
    Checking preserves v5.0.0-rc.7
    Checking cap-primitives v3.4.5
    Checking secretspec v0.17.0
    Checking ucan v0.1.0 (ssh://git@github.com/OnixResearch/basalt.git?rev=89675cd4f585f837323c049e4a25f7b94c903038#89675cd4)
    Checking iddqd v0.4.5
    Checking bounded-http v0.1.0 (https://seed.radicle.garden/z4ARxEt93T6gJTrTZpUyKHMAemPiv.git?rev=5abc2b93e0f288aba251a0750ce2d716eb9757fc#5abc2b93)
    Checking schema-identity-core v0.1.0 (https://seed.radicle.garden/z6gGpUJtzdVBCCtZTzh4cV1skv4H.git?rev=2562c8aa38a034061f9af9f3e17280494a5b8de2#2562c8aa)
    Checking ucan-nostr v0.1.0 (ssh://git@github.com/OnixResearch/basalt.git?rev=89675cd4f585f837323c049e4a25f7b94c903038#89675cd4)
    Checking jsonwebtoken v11.0.0
    Checking schema-migration-core v0.1.0 (https://seed.radicle.garden/z1C4YVMgDGyVdQa72uPNj3UDS5cY.git?rev=4fe90e130f2871cf69a6febcdc70785adca98aea#4fe90e13)
    Checking cap-std v3.4.5
    Checking kamacite-core v0.1.0 (ssh://git@github.com/OnixResearch/kamacite.git?rev=d76fe4abe543724d8fc0ac4b362187caf2e27622#d76fe4ab)
    Checking basalt v0.1.0 (ssh://git@github.com/OnixResearch/basalt.git?rev=89675cd4f585f837323c049e4a25f7b94c903038#89675cd4)
    Checking choregraph-history v0.1.0 (https://seed.radicle.garden/zL2ncTUeASVYwcoGkEXv9JKgGbAF.git?rev=b3e08e19750f53bdbcae970cdf58a47a791ed20b#b3e08e19)
    Checking artifact-auth-core v0.1.0 (ssh://git@github.com/OnixResearch/onix-artifact.git?rev=c932138d880ddf4c2967f4c024b489b5c0022bf1#c932138d)
    Checking cap-fs-ext v3.4.5
    Checking cap-tempfile v3.4.5
    Checking molten-core v0.1.0 (/home/brittonr/git/OnixResearch/molten-worktrees/node-content-service/crates/molten-core)
    Checking molten-node-host v0.1.0 (/home/brittonr/git/OnixResearch/molten-worktrees/node-content-service/crates/molten-node-host)
    Finished `dev` profile [unoptimized] target(s) in 47.34s
   Compiling molten-core v0.1.0 (/home/brittonr/git/OnixResearch/molten-worktrees/node-content-service/crates/molten-core)
   Compiling molten-node-host v0.1.0 (/home/brittonr/git/OnixResearch/molten-worktrees/node-content-service/crates/molten-node-host)
   Compiling molten v0.1.0 (/home/brittonr/git/OnixResearch/molten-worktrees/node-content-service)
    Finished `dev` profile [unoptimized] target(s) in 1m 00s
          Finished with result: success
Main processes terminated with: code=exited, status=0/SUCCESS
               Service runtime: 3min 8.836s
             CPU time consumed: 4min 22.277s
                   Memory peak: 3.1G (swap: 0B)
