Running as unit: molten-node-clippy-20260906.service; invocation ID: aeeec6273c664864ba73e8f0f3c4166f
    Checking serde_core v1.0.228
    Checking cfg-if v1.0.4
    Checking libc v0.2.186
    Checking zeroize v1.9.0
    Checking allocator-api2 v0.2.21
    Checking serde v1.0.228
    Checking memchr v2.8.1
    Checking foldhash v0.2.0
    Checking typenum v1.20.0
    Checking log v0.4.30
    Checking subtle v2.6.1
    Checking equivalent v1.0.2
    Checking smallvec v1.15.1
    Checking hashbrown v0.17.1
    Checking libm v0.2.16
    Checking generic-array v0.14.7
    Checking portable-atomic v1.13.1
    Checking pin-project-lite v0.2.17
    Checking critical-section v1.2.0
    Checking crypto-common v0.1.7
    Checking once_cell v1.21.4
    Checking indexmap v2.14.0
    Checking bitflags v2.11.1
    Checking getrandom v0.2.17
    Checking scopeguard v1.2.0
    Checking itoa v1.0.18
    Checking lock_api v0.4.14
    Checking futures-core v0.3.32
    Checking cpufeatures v0.3.0
    Checking const-oid v0.9.6
    Checking stable_deref_trait v1.2.1
    Checking bytes v1.11.1
    Checking mio v1.2.0
    Checking block-buffer v0.10.4
    Checking futures-io v0.3.32
    Checking digest v0.10.7
    Checking socket2 v0.6.3
    Checking anyhow v1.0.102
    Checking cpufeatures v0.2.17
    Checking futures-sink v0.3.32
    Checking tokio v1.52.3
    Checking slab v0.4.12
    Checking futures-channel v0.3.32
    Checking base64ct v1.8.3
    Checking futures-task v0.3.32
    Checking rand_core v0.10.1
    Checking futures-util v0.3.32
    Checking zerofrom v0.1.8
    Checking num-traits v0.2.19
    Checking yoke v0.8.2
    Checking spin v0.9.8
    Checking zerovec v0.11.6
    Checking getrandom v0.4.2
    Checking linux-raw-sys v0.12.1
    Checking writeable v0.6.3
    Checking thiserror v2.0.18
    Checking tracing-core v0.1.36
    Checking rustix v1.1.4
    Checking tinystr v0.8.3
    Checking litemap v0.8.2
    Checking icu_locale_core v2.2.0
    Checking potential_utf v0.1.5
    Checking zerotrie v0.2.4
    Checking arrayref v0.3.9
    Checking fnv v1.0.7
    Checking constant_time_eq v0.4.2
    Checking utf8_iter v1.0.4
    Checking arrayvec v0.7.6
    Checking blake3 v1.8.5
    Checking icu_collections v2.2.0
    Checking tracing v0.1.44
    Checking icu_provider v2.2.0
    Checking icu_properties_data v2.2.0
    Checking rand_core v0.6.4
    Checking base64 v0.22.1
    Checking icu_properties v2.2.0
    Checking crossbeam-utils v0.8.21
    Checking hashbrown v0.16.1
    Checking fastrand v2.4.1
    Checking icu_normalizer_data v2.2.0
    Checking ipnet v2.12.0
    Checking rustls-pki-types v1.14.1
    Checking either v1.16.0
    Checking percent-encoding v2.3.2
    Checking icu_normalizer v2.2.0
    Checking zmij v1.0.21
    Checking sha2 v0.10.9
    Checking untrusted v0.9.0
    Checking ring v0.17.14
    Checking idna_adapter v1.2.2
    Checking serde_json v1.0.149
    Checking parking_lot_core v0.9.12
    Checking idna v1.1.0
    Checking form_urlencoded v1.2.2
    Checking tokio-util v0.7.18
    Checking pem-rfc7468 v0.7.0
    Checking zerocopy v0.8.48
    Checking der v0.7.10
    Checking url v2.5.8
    Checking derive_more v2.1.1
    Checking rustls-webpki v0.103.13
    Checking rustc-hash v2.1.2
    Checking unicode-width v0.2.2
    Checking rustls v0.23.40
    Checking spki v0.7.3
    Checking num-integer v0.1.46
    Checking chacha20 v0.10.0
    Checking http v1.4.1
    Checking rand v0.10.1
    Checking pkcs8 v0.10.2
    Checking parking_lot v0.12.5
    Checking uuid v1.23.1
    Checking byteorder v1.5.0
    Checking ryu v1.0.23
    Checking hash32 v0.2.1
    Checking parking v2.2.1
    Checking heapless v0.7.17
    Checking httparse v1.10.1
    Checking cobs v0.3.0
    Checking aho-corasick v1.1.4
    Checking regex-syntax v0.8.10
    Checking postcard v1.1.3
    Checking pin-project v1.1.13
    Checking wasmtime-internal-core v45.0.0
    Checking regex-automata v0.4.14
    Checking crc32fast v1.5.0
    Checking futures-executor v0.3.32
    Checking data-encoding v2.11.0
    Checking atomic-waker v1.1.2
    Checking termcolor v1.4.1
    Checking crossbeam-epoch v0.9.18
    Checking signature v2.2.0
    Checking lazy_static v1.5.0
    Checking hmac v0.12.1
    Checking bumpalo v3.20.3
    Checking rustc-demangle v0.1.27
    Checking regex v1.12.3
    Checking h2 v0.4.14
    Checking futures v0.3.32
    Checking cranelift-bitset v0.132.0
    Checking futures-lite v2.6.1
    Checking hybrid-array v0.4.12
    Checking bytemuck v1.25.0
    Checking winnow v1.0.3
    Checking toml_parser v1.1.2+spec-1.1.0
    Checking n0-error v1.0.0
    Checking http-body v1.0.1
    Checking num-bigint v0.4.6
    Checking pem-rfc7468 v1.0.0
    Checking semver v1.0.28
    Checking toml_datetime v0.7.5+spec-1.1.0
    Checking serde_bytes v0.11.19
    Checking winnow v0.7.15
    Checking toml_writer v1.1.1+spec-1.1.0
    Checking leb128fmt v0.1.0
    Checking tinyvec_macros v0.1.1
    Checking const-oid v0.10.2
    Checking der v0.8.0
    Checking tinyvec v1.11.0
    Checking block-buffer v0.12.0
    Checking crypto-common v0.2.2
    Checking cranelift-entity v0.132.0
    Checking itertools v0.14.0
    Checking gimli v0.33.0
    Checking inout v0.1.4
    Checking tower-service v0.3.3
    Checking try-lock v0.2.5
    Checking spin v0.10.0
    Checking diatomic-waker v0.2.3
    Checking cordyceps v0.3.4
    Checking futures-buffered v0.2.13
    Checking want v0.3.1
    Checking cipher v0.4.4
    Checking digest v0.11.3
    Checking cranelift-bforest v0.132.0
    Checking spki v0.8.0
    Checking wasmparser v0.248.0
    Checking target-lexicon v0.13.5
    Checking tokio-rustls v0.26.4
    Checking ppv-lite86 v0.2.21
    Checking ff v0.13.1
    Checking universal-hash v0.5.1
    Checking serde_spanned v1.1.1
    Checking powerfmt v0.2.0
    Checking httpdate v1.0.3
    Checking base16ct v0.2.0
    Checking opaque-debug v0.3.1
    Checking unicode-width v0.1.14
    Checking base16ct v1.0.0
    Checking openssl-probe v0.2.1
    Checking rustls-native-certs v0.8.3
    Checking serdect v0.4.3
    Checking polyval v0.6.2
    Checking sec1 v0.7.3
    Checking hyper v1.9.0
    Checking deranged v0.5.8
    Checking toml v0.9.12+spec-1.1.0
    Checking group v0.13.0
    Checking pkcs8 v0.11.0
    Checking n0-future v0.3.2
    Checking netlink-packet-core v0.8.1
    Checking hkdf v0.12.4
    Checking crypto-bigint v0.5.5
    Checking time-core v0.1.8
    Checking num-conv v0.2.2
    Checking signature v3.0.0
    Checking ed25519 v3.0.0
    Checking time v0.3.47
    Checking elliptic-curve v0.13.8
    Checking noq-udp v1.0.0
    Checking curve25519-dalek v5.0.0-rc.0
    Checking hyper-util v0.1.20
    Checking wasm-encoder v0.248.0
    Checking ghash v0.5.1
    Checking io-lifetimes v2.0.4
    Checking object v0.39.1
    Checking rustls-platform-verifier v0.7.0
    Checking sha2 v0.11.0
    Checking ctr v0.9.2
    Checking aes v0.8.4
    Checking num-iter v0.1.45
    Checking prefix-trie v0.8.4
    Checking webpki-roots v1.0.7
    Checking tempfile v3.27.0
    Checking crossbeam-channel v0.5.15
    Checking aead v0.5.2
    Checking tower-layer v0.3.3
    Checking simd-adler32 v0.3.10
    Checking arbitrary v1.4.2
    Checking siphasher v1.0.3
    Checking adler2 v2.0.1
    Checking miniz_oxide v0.8.9
    Checking cranelift-control v0.132.0
    Checking fastbloom v0.17.0
    Checking aes-gcm v0.10.3
    Checking hickory-proto v0.26.1
    Checking ed25519-dalek v3.0.0-rc.0
    Checking cranelift-assembler-x64 v0.132.0
    Checking data-encoding-macro v0.1.20
    Checking cpp_demangle v0.4.5
    Checking wasmprinter v0.248.0
    Checking pulley-interpreter v45.0.0
    Checking http-body-util v0.1.3
    Checking regalloc2 v0.15.1
    Checking rfc6979 v0.4.0
    Checking netlink-sys v0.8.8
    Checking rand_pcg v0.10.2
    Checking sync_wrapper v1.0.2
    Checking errno v0.3.14
    Checking cranelift-codegen-shared v0.132.0
    Checking strsim v0.11.1
    Checking tagptr v0.2.0
    Checking colorchoice v1.0.5
    Checking wasmtime-internal-component-util v45.0.0
    Checking lru-slab v0.1.2
    Checking identity-hash v0.1.0
    Checking sorted-index-buffer v0.2.1
    Checking wasmtime-environ v45.0.0
    Checking noq-proto v1.0.0
    Checking moka v0.12.15
    Checking cranelift-codegen v0.132.0
    Checking signal-hook-registry v1.4.8
    Checking tower v0.5.3
    Checking ecdsa v0.16.9
    Checking iroh-base v1.0.0
    Checking hickory-net v0.26.1
    Checking curve25519-dalek v4.1.3
    Checking getrandom v0.3.4
    Checking io-extras v0.18.4
    Checking fs-set-times v0.20.3
    Checking netlink-packet-route v0.29.0
    Checking rand_chacha v0.3.1
    Checking safe_arch v1.0.0
    Checking ed25519 v2.2.3
    Checking tokio-stream v0.1.18
    Checking rustix-linux-procfs v0.1.1
    Checking arc-swap v1.9.1
    Checking thread_local v1.1.9
    Checking dtoa v0.4.8
    Checking mac-addr v0.3.0
    Checking maybe-owned v0.3.4
    Checking resolv-conf v0.7.6
    Checking gimli v0.32.3
    Checking iana-time-zone v0.1.65
    Checking utf8parse v0.2.2
    Checking xml-rs v0.8.28
    Checking ambient-authority v0.0.2
    Checking base64 v0.13.1
    Checking cap-primitives v3.4.5
    Checking xmltree v0.10.3
    Checking addr2line v0.25.1
    Checking anstyle-parse v1.0.0
    Checking hickory-resolver v0.26.1
    Checking netdev v0.44.0
    Checking strum v0.28.0
    Checking iroh-metrics v1.0.1
    Checking noq v1.0.0
    Checking ed25519-dalek v2.2.0
    Checking wide v1.4.0
    Checking rand v0.8.6
    Checking num_enum v0.7.6
    Checking rand_core v0.9.5
    Checking tower-http v0.6.11
    Checking signal-hook v0.3.18
    Checking object v0.37.3
    Checking netlink-proto v0.12.0
    Checking zstd-sys v2.0.16+zstd.1.5.7
    Checking hyper-rustls v0.27.9
    Checking netlink-packet-route v0.31.0
    Checking n0-watcher v1.0.0
    Checking malachite-base v0.9.1
    Checking wasm-encoder v0.250.0
    Checking attohttpc v0.30.1
    Checking simple-dns v0.11.3
    Checking anstyle v1.0.14
    Checking anstyle-query v1.1.5
    Checking is_terminal_polyfill v1.70.2
    Checking unicode-segmentation v1.13.2
    Checking foldhash v0.1.5
    Checking static_assertions v1.1.0
    Checking simdutf8 v0.1.5
    Checking sha1_smol v1.0.1
    Checking hashbrown v0.15.5
    Checking tokio-websockets v0.13.2
    Checking malachite-nz v0.9.1
    Checking anstream v1.0.0
    Checking iroh-dns v1.0.0
    Checking igd-next v0.17.0
    Checking wast v250.0.0
    Checking netwatch v0.19.0
    Checking backtrace v0.3.76
    Checking reqwest v0.13.4
    Checking zstd-safe v7.2.4
    Checking signal-hook-mio v0.2.5
    Checking rand_chacha v0.9.0
    Checking num-bigint-dig v0.8.6
    Checking primeorder v0.13.6
    Checking crossbeam-deque v0.8.6
    Checking pkcs1 v0.7.5
    Checking lru v0.18.0
    Checking seize v0.5.1
    Checking dirs-sys-next v0.1.2
    Checking typed-arena v2.0.2
    Checking cmov v0.5.3
    Checking fixedbitset v0.4.2
    Checking unicode-linebreak v0.1.5
    Checking is_ci v1.2.0
    Checking clap_lex v1.1.0
    Checking arrayvec v0.5.2
    Checking verus_builtin v0.0.0-2026-01-25-0057
    Checking pretty v0.12.5
    Checking vstd v0.0.0-2026-01-25-0057
    Checking clap_builder v4.6.0
    Checking textwrap v0.16.2
    Checking supports-color v3.0.2
    Checking petgraph v0.6.5
    Checking ctutils v0.4.2
    Checking papaya v0.2.4
    Checking directories-next v2.0.0
    Checking iroh-relay v1.0.0
    Checking rsa v0.9.10
    Checking rayon-core v1.13.0
    Checking malachite-q v0.9.1
    Checking rand v0.9.4
    Checking crossterm v0.29.0
    Checking zstd v0.13.3
    Checking backtrace-ext v0.2.1
    Checking portmapper v0.19.0
    Checking wat v1.250.0
    Checking ittapi-sys v0.4.0
    Checking ahash v0.8.12
    Checking cap-std v3.4.5
    Checking redb v2.6.3
    Checking wasmtime-internal-unwinder v45.0.0
    Checking preserves v5.0.0-rc.7
    Checking chrono v0.4.44
    Checking cranelift-native v0.132.0
    Checking cranelift-frontend v0.132.0
    Checking fuzzy-matcher v0.3.7
    Checking yasna v0.6.0
    Checking num-rational v0.4.2
    Checking debugid v0.8.0
    Checking backon v1.6.0
    Checking pem v3.0.6
    Checking terminal_size v0.4.4
    Checking content-identity-core v0.1.0 (https://seed.radicle.garden/zA14jhTdwST4PxPBdsryc4zS7Kpq.git?rev=7f55597b5dc879b7601856e8d7fd0dbacaa2a498#7f55597b)
    Checking heck v0.5.0
    Checking supports-hyperlinks v3.2.0
    Checking ansi_term v0.12.1
    Checking owo-colors v4.4.0
    Checking dyn-clone v1.0.20
    Checking supports-unicode v3.0.0
    Checking bitmaps v3.2.1
    Checking jiff-core v0.1.0
    Checking bs58 v0.5.1
    Checking verified-logic v0.2.0 (ssh://git@github.com/OnixResearch/basalt.git?rev=89675cd4f585f837323c049e4a25f7b94c903038#89675cd4)
    Checking jiff v0.2.35
    Checking imbl-sized-chunks v0.1.3
    Checking miette v7.6.0
    Checking inquire v0.9.4
    Checking wasm-compose v0.248.0
    Checking schema-identity-core v0.1.0 (https://seed.radicle.garden/z6gGpUJtzdVBCCtZTzh4cV1skv4H.git?rev=2562c8aa38a034061f9af9f3e17280494a5b8de2#2562c8aa)
    Checking ref-cast v1.0.25
    Checking clap v4.6.1
    Checking rcgen v0.14.8
    Checking iroh v1.0.0
    Checking fxprof-processed-profile v0.8.1
    Checking snafu v0.8.9
    Checking wasmtime-internal-cranelift v45.0.0
    Checking hashbrown v0.14.5
    Checking ittapi v0.4.0
    Checking wasmtime-internal-cache v45.0.0
    Checking malachite-float v0.9.1
    Checking wasmtime-internal-jit-debug v45.0.0
    Checking wasmtime-internal-fiber v45.0.0
    Checking rayon v1.12.0
    Checking linkme v0.3.37
    Checking p384 v0.13.1
    Checking p256 v0.13.2
    Checking hashlink v0.10.0
    Checking k256 v0.13.4
    Checking flate2 v1.1.9
    Checking textwrap v0.11.0
    Checking addr2line v0.26.1
    Checking ucan-core v0.1.0 (ssh://git@github.com/OnixResearch/basalt.git?rev=89675cd4f585f837323c049e4a25f7b94c903038#89675cd4)
    Checking codespan-reporting v0.13.1
    Checking wasmtime-internal-jit-icache-coherence v45.0.0
    Checking iddqd v0.4.5
    Checking concurrent-queue v2.5.0
    Checking memfd v0.6.5
    Checking revocation-view-core v0.1.0 (https://seed.radicle.garden/z3kGDT73ja8rewvGLwJFLF5MTx1ih.git?rev=a0de79303f3f45c18a34fff535b690a85cb3cf59#a0de7930)
    Checking bounded-http-core v0.1.0 (https://seed.radicle.garden/z4ARxEt93T6gJTrTZpUyKHMAemPiv.git?rev=5abc2b93e0f288aba251a0750ce2d716eb9757fc#5abc2b93)
    Checking replay-ledger-core v0.1.0 (https://seed.radicle.garden/z3kGDT73ja8rewvGLwJFLF5MTx1ih.git?rev=a0de79303f3f45c18a34fff535b690a85cb3cf59#a0de7930)
    Checking inplace-vec-builder v0.1.1
    Checking secrecy v0.10.3
    Checking atty v0.2.14
    Checking etcetera v0.11.0
    Checking encoding_rs v0.8.35
    Checking binary-merge v0.1.2
    Checking aliasable v0.1.3
    Checking colored v3.1.1
    Checking arraydeque v0.5.1
    Checking bitflags v1.3.2
    Checking detect-coding-agent v0.1.1
    Checking vec_map v0.8.2
    Checking hashbrown v0.12.3
    Checking strsim v0.8.0
    Checking dotenvy v0.15.7
    Checking genawaiter-macro v0.99.1
    Checking regex-syntax v0.6.29
    Checking genawaiter v0.99.1
    Checking indexmap v1.9.3
    Checking secretspec v0.17.0
    Checking regex-automata v0.1.10
    Checking clap v2.34.0
    Checking wasmtime v45.0.0
    Checking saphyr-parser v0.0.6
    Checking ouroboros v0.18.5
    Checking range-collections v0.4.6
    Checking irpc v0.17.0
    Checking ucan v0.1.0 (ssh://git@github.com/OnixResearch/basalt.git?rev=89675cd4f585f837323c049e4a25f7b94c903038#89675cd4)
    Checking bounded-http v0.1.0 (https://seed.radicle.garden/z4ARxEt93T6gJTrTZpUyKHMAemPiv.git?rev=5abc2b93e0f288aba251a0750ce2d716eb9757fc#5abc2b93)
    Checking event-listener v5.4.1
    Checking codespan v0.13.1
    Checking ucan-nostr v0.1.0 (ssh://git@github.com/OnixResearch/basalt.git?rev=89675cd4f585f837323c049e4a25f7b94c903038#89675cd4)
    Checking jsonwebtoken v11.0.0
    Checking malachite v0.9.1
    Checking dashmap v6.2.1
    Checking logos v0.16.1
    Checking nickel-lang-vector v0.2.0
    Checking toml_edit v0.24.1+spec-1.1.0
    Checking iroh-io v0.6.2
    Checking lalrpop-util v0.22.2
    Checking artifact-auth-core v0.1.0 (ssh://git@github.com/OnixResearch/onix-artifact.git?rev=c932138d880ddf4c2967f4c024b489b5c0022bf1#c932138d)
    Checking num-complex v0.4.6
    Checking castaway v0.2.4
    Checking md-5 v0.10.6
    Checking bitmaps v2.1.0
    Checking vte v0.14.1
    Checking positioned-io v0.3.5
    Checking unsafe-libyaml v0.2.11
    Checking fixedbitset v0.5.7
    Checking glob v0.3.3
    Checking simple-counter v0.1.0
    Checking anymap3 v1.0.1
    Checking self_cell v1.2.2
    Checking hex v0.4.3
    Checking bao-tree v0.16.0
    Checking generic_singleton v0.5.3
    Checking nickel-lang-parser v0.3.0
    Checking serde_yaml v0.9.34+deprecated
    Checking futures-concurrency v7.7.1
    Checking strip-ansi-escapes v0.2.1
    Checking sized-chunks v0.6.5
    Checking compact_str v0.8.2
    Checking num v0.4.3
    Checking lasso v0.7.3
    Checking basalt v0.1.0 (ssh://git@github.com/OnixResearch/basalt.git?rev=89675cd4f585f837323c049e4a25f7b94c903038#89675cd4)
    Checking event-listener-strategy v0.5.4
    Checking redb v4.1.0
    Checking structopt v0.3.26
    Checking icu_casemap_data v2.2.0
    Checking matchers v0.0.1
    Checking codegen v0.2.0
    Checking cap-fs-ext v3.4.5
    Checking iroh-util v0.6.0
    Checking schema-migration-core v0.1.0 (https://seed.radicle.garden/z1C4YVMgDGyVdQa72uPNj3UDS5cY.git?rev=4fe90e130f2871cf69a6febcdc70785adca98aea#4fe90e13)
    Checking kamacite-core v0.1.0 (ssh://git@github.com/OnixResearch/kamacite.git?rev=d76fe4abe543724d8fc0ac4b362187caf2e27622#d76fe4ab)
    Checking iroh-tickets v1.0.0
    Checking sharded-slab v0.1.7
    Checking half v2.7.1
    Checking rand_xoshiro v0.6.0
    Checking reflink-copy v0.1.29
    Checking choregraph-history v0.1.0 (https://seed.radicle.garden/zL2ncTUeASVYwcoGkEXv9JKgGbAF.git?rev=b3e08e19750f53bdbcae970cdf58a47a791ed20b#b3e08e19)
    Checking tracing-serde v0.1.3
    Checking tracing-log v0.1.4
    Checking ordered-float v5.3.0
    Checking sha-1 v0.10.1
    Checking json_scanner v0.1.0
    Checking thin-vec v0.2.18
    Checking convert_case v0.4.0
    Checking artifact-binding-core v0.1.0 (ssh://git@github.com/OnixResearch/onix-artifact.git?rev=c932138d880ddf4c2967f4c024b489b5c0022bf1#c932138d)
    Checking transactional-reconciliation-core v0.1.0 (https://seed.radicle.garden/z4Tky6zvC8w4Y6c4YBzNxVbq5n752.git?rev=eb2bd3441753af97bfcb247cef7cc22d72675b62#eb2bd344)
    Checking ciborium-io v0.2.2
    Checking ciborium-ll v0.2.2
    Checking molten-core v0.1.0 (/home/brittonr/git/OnixResearch/molten-worktrees/node-content-service/crates/molten-core)
    Checking nickel-lang-core v0.18.0
    Checking preserves-schema v6.0.0-rc.6
    Checking steel-parser v0.8.2
    Checking tracing-subscriber v0.2.25
    Checking iroh-blobs v0.103.0
    Checking im-rc v15.1.0
    Checking steel-gen v0.8.2
    Checking icu_casemap v2.2.0
    Checking async-channel v2.5.0
    Checking wiggle v45.0.0
    Checking preserves v4.996.0
    Checking nix v0.30.1
    Checking bigdecimal v0.4.10
    Checking iroh-gossip v0.101.0
    Checking im-lists v0.11.4
    Checking redb v3.1.3
    Checking wasmtime-wasi-io v45.0.0
    Checking cap-net-ext v3.4.5
    Checking cap-time-ext v3.4.5
    Checking codespan-reporting v0.11.1
    Checking tracing-futures v0.2.5
    Checking crossbeam-queue v0.3.12
    Checking polling v3.11.0
    Checking xattr v1.6.1
    Checking tokio-util v0.6.10
    Checking blake2 v0.10.6
    Checking steel-quickscope v0.3.2
    Checking bincode v1.3.3
    Checking serde-error v0.1.3
    Checking shared_vector v0.4.5
    Checking filetime v0.2.29
    Checking which v8.0.2
    Checking bounded-exec-core v0.1.0 (https://git.onix.computer/z2CpqLFpdP36fZXYUK5ZNWxMibpCo.git?rev=29dac88ecded94457572db3fdfaaaab95fa91525#29dac88e)
    Checking env_home v0.1.0
    Checking weak-table v0.3.2
    Checking xdg v3.0.0
    Checking bounded-exec v0.1.0 (https://git.onix.computer/z2CpqLFpdP36fZXYUK5ZNWxMibpCo.git?rev=29dac88ecded94457572db3fdfaaaab95fa91525#29dac88e)
    Checking steel-core v0.8.2
    Checking tar v0.4.46
    Checking iroh-docs v0.101.0
    Checking syndicate v0.44.0-rc.3
    Checking wasmtime-wasi v45.0.0
    Checking cairn-core v0.1.0 (ssh://git@github.com/OnixResearch/cairn.git?rev=3b4c280b893f2709aebea21fc51a4f9eeba3fe3b#3b4c280b)
    Checking wit-bindgen v0.46.0
    Checking molten-node-host v0.1.0 (/home/brittonr/git/OnixResearch/molten-worktrees/node-content-service/crates/molten-node-host)
    Checking wasmparser v0.240.0
    Checking nickel-lang v2.2.0
    Checking ciborium v0.2.2
    Checking artifact-auth-ed25519 v0.1.0 (ssh://git@github.com/OnixResearch/onix-artifact.git?rev=c932138d880ddf4c2967f4c024b489b5c0022bf1#c932138d)
    Checking valence-core v0.1.0 (ssh://git@github.com/OnixResearch/valence.git?rev=5f1c2ba5072c6f9622fa59b1af20502985f569fd#5f1c2ba5)
    Checking chaoscontrol-snapshot-descriptor v0.1.0 (https://github.com/brittonr/chaoscontrol.git?rev=b8c440ea3b19df796542e58e8ee36200e1c3db85#b8c440ea)
    Checking hegeltest v0.14.12 (https://github.com/hegeldev/hegel-rust?rev=ed949b8084595cb467e983747f1089e214965ac6#ed949b80)
    Checking schema-identity-conformance v0.1.0 (https://seed.radicle.garden/z6gGpUJtzdVBCCtZTzh4cV1skv4H.git?rev=2562c8aa38a034061f9af9f3e17280494a5b8de2#2562c8aa)
    Checking cap-tempfile v3.4.5
    Checking molten v0.1.0 (/home/brittonr/git/OnixResearch/molten-worktrees/node-content-service)
    Finished `dev` profile [unoptimized] target(s) in 3m 26s
          Finished with result: success
Main processes terminated with: code=exited, status=0/SUCCESS
               Service runtime: 3min 26.243s
             CPU time consumed: 6min 1.649s
                   Memory peak: 3.1G (swap: 0B)
