rustc 1.97.1 (8bab26f4f 2026-07-14)
cargo 1.97.1 (c980f4866 2026-06-30)
Running as unit: molten-node-baseline-20260906.service; invocation ID: a79211d9d5684c65a00c51d1b25434b6
   Compiling proc-macro2 v1.0.106
   Compiling quote v1.0.45
   Compiling unicode-ident v1.0.24
   Compiling serde_core v1.0.228
   Compiling syn v2.0.117
   Compiling serde v1.0.228
   Compiling cfg-if v1.0.4
   Compiling libc v0.2.186
   Compiling version_check v0.9.5
   Compiling serde_derive v1.0.228
   Compiling equivalent v1.0.2
   Compiling zeroize_derive v1.5.0
   Compiling zeroize v1.9.0
   Compiling allocator-api2 v0.2.21
   Compiling memchr v2.8.1
   Compiling libm v0.2.16
   Compiling foldhash v0.2.0
   Compiling typenum v1.20.0
   Compiling log v0.4.30
   Compiling jobserver v0.1.34
   Compiling find-msvc-tools v0.1.9
   Compiling subtle v2.6.1
   Compiling shlex v1.3.0
   Compiling smallvec v1.15.1
   Compiling cc v1.2.62
   Compiling hashbrown v0.17.1
   Compiling generic-array v0.14.7
   Compiling portable-atomic v1.13.1
   Compiling itoa v1.0.18
   Compiling autocfg v1.5.1
   Compiling pin-project-lite v0.2.17
   Compiling critical-section v1.2.0
   Compiling anyhow v1.0.102
   Compiling scopeguard v1.2.0
   Compiling once_cell v1.21.4
   Compiling crypto-common v0.1.7
   Compiling indexmap v2.14.0
   Compiling bitflags v2.11.1
   Compiling semver v1.0.28
   Compiling getrandom v0.2.17
   Compiling lock_api v0.4.14
   Compiling futures-core v0.3.32
   Compiling cpufeatures v0.3.0
   Compiling stable_deref_trait v1.2.1
   Compiling const-oid v0.9.6
   Compiling bytes v1.11.1
   Compiling fnv v1.0.7
   Compiling unicode-xid v0.2.6
   Compiling cpufeatures v0.2.17
   Compiling mio v1.2.0
   Compiling synstructure v0.13.2
   Compiling block-buffer v0.10.4
   Compiling futures-io v0.3.32
   Compiling digest v0.10.7
   Compiling socket2 v0.6.3
   Compiling tokio-macros v2.7.0
   Compiling futures-sink v0.3.32
   Compiling tokio v1.52.3
   Compiling slab v0.4.12
   Compiling futures-channel v0.3.32
   Compiling num-traits v0.2.19
   Compiling thiserror-impl v2.0.18
   Compiling futures-macro v0.3.32
   Compiling futures-task v0.3.32
   Compiling rand_core v0.10.1
   Compiling unicode-segmentation v1.13.2
   Compiling heck v0.5.0
   Compiling base64ct v1.8.3
   Compiling futures-util v0.3.32
   Compiling zerofrom-derive v0.1.7
   Compiling rustc_version v0.4.1
   Compiling zerofrom v0.1.8
   Compiling yoke-derive v0.8.2
   Compiling zmij v1.0.21
   Compiling parking_lot_core v0.9.12
   Compiling rustversion v1.0.22
   Compiling yoke v0.8.2
   Compiling spin v0.9.8
   Compiling cfg_aliases v0.2.1
   Compiling getrandom v0.4.2
   Compiling regex-syntax v0.8.10
   Compiling zerovec-derive v0.11.3
   Compiling rustix v1.1.4
   Compiling zerovec v0.11.6
   Compiling displaydoc v0.2.5
   Compiling thiserror v2.0.18
   Compiling linux-raw-sys v0.12.1
   Compiling writeable v0.6.3
   Compiling tracing-core v0.1.36
   Compiling tinystr v0.8.3
   Compiling blake3 v1.8.5
   Compiling syn v1.0.109
   Compiling litemap v0.8.2
   Compiling icu_locale_core v2.2.0
   Compiling potential_utf v0.1.5
   Compiling zerotrie v0.2.4
   Compiling tracing-attributes v0.1.31
   Compiling constant_time_eq v0.4.2
   Compiling utf8_iter v1.0.4
   Compiling arrayref v0.3.9
   Compiling icu_properties_data v2.2.0
   Compiling arrayvec v0.7.6
   Compiling icu_collections v2.2.0
   Compiling tracing v0.1.44
   Compiling icu_provider v2.2.0
   Compiling crossbeam-utils v0.8.21
   Compiling rand_core v0.6.4
   Compiling base64 v0.22.1
   Compiling icu_normalizer_data v2.2.0
   Compiling icu_properties v2.2.0
   Compiling ring v0.17.14
   Compiling hashbrown v0.16.1
   Compiling fastrand v2.4.1
   Compiling ipnet v2.12.0
   Compiling rustls-pki-types v1.14.1
   Compiling either v1.16.0
   Compiling serde_json v1.0.149
   Compiling strsim v0.11.1
   Compiling percent-encoding v2.3.2
   Compiling icu_normalizer v2.2.0
   Compiling sha2 v0.10.9
   Compiling untrusted v0.9.0
   Compiling idna_adapter v1.2.2
   Compiling convert_case v0.10.0
   Compiling zerocopy v0.8.48
   Compiling derive_more-impl v2.1.1
   Compiling idna v1.1.0
   Compiling form_urlencoded v1.2.2
   Compiling tokio-util v0.7.18
   Compiling pem-rfc7468 v0.7.0
   Compiling zerocopy-derive v0.8.48
   Compiling rustls v0.23.40
   Compiling derive_more v2.1.1
   Compiling der v0.7.10
   Compiling url v2.5.8
   Compiling rustls-webpki v0.103.13
   Compiling aho-corasick v1.1.4
   Compiling bytemuck v1.25.0
   Compiling unicode-width v0.2.2
   Compiling rustc-hash v2.1.2
   Compiling regex-automata v0.4.14
   Compiling spki v0.7.3
   Compiling num-integer v0.1.46
   Compiling chacha20 v0.10.0
   Compiling http v1.4.1
   Compiling wasmtime-internal-core v45.0.0
   Compiling rand v0.10.1
   Compiling pkcs8 v0.10.2
   Compiling parking_lot v0.12.5
   Compiling uuid v1.23.1
   Compiling heapless v0.7.17
   Compiling curve25519-dalek-derive v0.1.1
   Compiling ryu v1.0.23
   Compiling unicode-width v0.1.14
   Compiling httparse v1.10.1
   Compiling byteorder v1.5.0
   Compiling leb128fmt v0.1.0
   Compiling hash32 v0.2.1
   Compiling crc32fast v1.5.0
   Compiling parking v2.2.1
   Compiling cranelift-bitset v0.132.0
   Compiling cobs v0.3.0
   Compiling pin-project-internal v1.1.13
   Compiling postcard-derive v0.2.2
   Compiling postcard v1.1.3
   Compiling pin-project v1.1.13
   Compiling futures-executor v0.3.32
   Compiling atomic-waker v1.1.2
   Compiling target-lexicon v0.13.5
   Compiling foldhash v0.1.5
   Compiling ident_case v1.0.1
   Compiling data-encoding v2.11.0
   Compiling powerfmt v0.2.0
   Compiling termcolor v1.4.1
   Compiling paste v1.0.15
   Compiling deranged v0.5.8
   Compiling darling_core v0.20.11
   Compiling regex v1.12.3
   Compiling crossbeam-epoch v0.9.18
   Compiling signature v2.2.0
   Compiling lazy_static v1.5.0
   Compiling hmac v0.12.1
   Compiling bumpalo v3.20.3
   Compiling num-conv v0.2.2
   Compiling rustc-demangle v0.1.27
   Compiling cranelift-srcgen v0.132.0
   Compiling time-core v0.1.8
   Compiling cranelift-assembler-x64-meta v0.132.0
   Compiling darling_macro v0.20.11
   Compiling h2 v0.4.14
   Compiling futures v0.3.32
   Compiling futures-lite v2.6.1
   Compiling hybrid-array v0.4.12
   Compiling spez v0.1.2
   Compiling n0-error-macros v1.0.0
   Compiling dtoa v0.4.8
   Compiling winnow v1.0.3
   Compiling base64 v0.13.1
   Compiling toml_parser v1.1.2+spec-1.1.0
   Compiling n0-error v1.0.0
   Compiling darling v0.20.11
   Compiling http-body v1.0.1
   Compiling num-bigint v0.4.6
   Compiling pem-rfc7468 v1.0.0
   Compiling pulley-macros v45.0.0
   Compiling proc-macro-error-attr v1.0.4
   Compiling serde_bytes v0.11.19
   Compiling toml_datetime v0.7.5+spec-1.1.0
   Compiling const-oid v0.10.2
   Compiling toml_writer v1.1.1+spec-1.1.0
   Compiling winnow v0.7.15
   Compiling tinyvec_macros v0.1.1
   Compiling tinyvec v1.11.0
   Compiling der v0.8.0
   Compiling derive_builder_core v0.20.2
   Compiling block-buffer v0.12.0
   Compiling crypto-common v0.2.2
   Compiling cranelift-entity v0.132.0
   Compiling itertools v0.14.0
   Compiling gimli v0.33.0
   Compiling n0-future v0.3.2
   Compiling inout v0.1.4
   Compiling async-trait v0.1.89
   Compiling wasmtime-internal-versioned-export-macros v45.0.0
   Compiling proc-macro-error v1.0.4
   Compiling ansi_term v0.12.1
   Compiling cordyceps v0.3.4
   Compiling diatomic-waker v0.2.3
   Compiling id-arena v2.3.0
   Compiling cranelift-isle v0.132.0
   Compiling tower-service v0.3.3
   Compiling spin v0.10.0
   Compiling try-lock v0.2.5
   Compiling futures-buffered v0.2.13
   Compiling want v0.3.1
   Compiling cipher v0.4.4
   Compiling digest v0.11.3
   Compiling cranelift-bforest v0.132.0
   Compiling derive_builder_macro v0.20.2
   Compiling spki v0.8.0
   Compiling wasmparser v0.248.0
   Compiling pulley-interpreter v45.0.0
   Compiling textwrap v0.11.0
   Compiling tokio-rustls v0.26.4
   Compiling ppv-lite86 v0.2.21
   Compiling ff v0.13.1
   Compiling vergen-lib v9.1.0
   Compiling noq-udp v1.0.0
   Compiling curve25519-dalek v5.0.0-rc.0
   Compiling universal-hash v0.5.1
   Compiling indexmap v1.9.3
   Compiling serde_spanned v1.1.1
   Compiling openssl-probe v0.2.1
   Compiling cranelift-codegen-shared v0.132.0
   Compiling bitflags v1.3.2
   Compiling object v0.39.1
   Compiling toml_datetime v1.1.1+spec-1.1.0
   Compiling io-lifetimes v2.0.4
   Compiling base16ct v1.0.0
   Compiling vec_map v0.8.2
   Compiling fixedbitset v0.5.7
   Compiling httpdate v1.0.3
   Compiling opaque-debug v0.3.1
   Compiling strsim v0.8.0
   Compiling base16ct v0.2.0
   Compiling sec1 v0.7.3
   Compiling polyval v0.6.2
   Compiling hyper v1.9.0
   Compiling serdect v0.4.3
   Compiling toml_edit v0.25.11+spec-1.1.0
   Compiling cranelift-codegen-meta v0.132.0
   Compiling rustls-native-certs v0.8.3
   Compiling toml v0.9.12+spec-1.1.0
   Compiling group v0.13.0
   Compiling pkcs8 v0.11.0
   Compiling derive_builder v0.20.2
   Compiling cranelift-assembler-x64 v0.132.0
   Compiling netlink-packet-core v0.8.1
   Compiling hkdf v0.12.4
   Compiling crypto-bigint v0.5.5
   Compiling vergen v9.1.0
   Compiling heck v0.3.3
   Compiling cpp_demangle v0.4.5
   Compiling signature v3.0.0
   Compiling heck v0.4.1
   Compiling pkg-config v0.3.33
   Compiling hashbrown v0.12.3
   Compiling zstd-sys v2.0.16+zstd.1.5.7
   Compiling data-encoding-macro-internal v0.1.18
   Compiling ed25519 v3.0.0
   Compiling structopt-derive v0.4.18
   Compiling cranelift-codegen v0.132.0
   Compiling elliptic-curve v0.13.8
   Compiling rustls-platform-verifier v0.7.0
   Compiling hyper-util v0.1.20
   Compiling proc-macro-crate v3.5.0
   Compiling ghash v0.5.1
   Compiling wasm-encoder v0.248.0
   Compiling sha2 v0.11.0
   Compiling aes v0.8.4
   Compiling ctr v0.9.2
   Compiling time v0.3.47
   Compiling num-iter v0.1.45
   Compiling prefix-trie v0.8.4
   Compiling webpki-roots v1.0.7
   Compiling tempfile v3.27.0
   Compiling crossbeam-channel v0.5.15
   Compiling vergen-gitcl v9.1.0
   Compiling curve25519-dalek v4.1.3
   Compiling aead v0.5.2
   Compiling wasmtime-internal-component-util v45.0.0
   Compiling arbitrary v1.4.2
   Compiling getrandom v0.3.4
   Compiling simd-adler32 v0.3.10
   Compiling adler2 v2.0.1
   Compiling siphasher v1.0.3
   Compiling tower-layer v0.3.3
   Compiling num_threads v0.1.7
   Compiling wasmparser v0.239.0
   Compiling io-extras v0.18.4
   Compiling phf_shared v0.11.3
   Compiling fastbloom v0.17.0
   Compiling miniz_oxide v0.8.9
   Compiling cranelift-control v0.132.0
   Compiling aes-gcm v0.10.3
   Compiling hickory-proto v0.26.1
   Compiling ed25519-dalek v3.0.0-rc.0
   Compiling data-encoding-macro v0.1.20
   Compiling wasmprinter v0.248.0
   Compiling http-body-util v0.1.3
   Compiling regalloc2 v0.15.1
   Compiling rfc6979 v0.4.0
   Compiling hashbrown v0.15.5
   Compiling noq v1.0.0
   Compiling netlink-sys v0.8.8
   Compiling rand_pcg v0.10.2
   Compiling sync_wrapper v1.0.2
   Compiling atty v0.2.14
   Compiling enum-assoc v1.3.0
   Compiling errno v0.3.14
   Compiling verus_syn v0.0.0-2026-01-25-0057
   Compiling same-file v1.0.6
   Compiling keccak v0.1.6
   Compiling colorchoice v1.0.5
   Compiling netdev v0.44.0
   Compiling object v0.37.3
   Compiling signal-hook v0.3.18
   Compiling identity-hash v0.1.0
   Compiling precomputed-hash v0.1.1
   Compiling tagptr v0.2.0
   Compiling glob v0.3.3
   Compiling new_debug_unreachable v1.0.6
   Compiling bit-vec v0.8.0
   Compiling sorted-index-buffer v0.2.1
   Compiling term v1.2.1
   Compiling lru-slab v0.1.2
   Compiling verus_prettyplease v0.0.0-2026-01-25-0057
   Compiling cap-primitives v3.4.5
   Compiling noq-proto v1.0.0
   Compiling ascii-canvas v4.0.0
   Compiling bit-set v0.8.0
   Compiling string_cache v0.8.9
   Compiling moka v0.12.15
   Compiling sha3 v0.10.9
   Compiling walkdir v2.5.0
   Compiling signal-hook-registry v1.4.8
   Compiling clap v2.34.0
   Compiling tower v0.5.3
   Compiling ecdsa v0.16.9
   Compiling wasmtime-environ v45.0.0
   Compiling iroh-base v1.0.0
   Compiling hickory-net v0.26.1
   Compiling fs-set-times v0.20.3
   Compiling num_enum_derive v0.7.6
   Compiling netlink-packet-route v0.29.0
   Compiling petgraph v0.7.1
   Compiling rand_chacha v0.3.1
   Compiling ed25519 v2.2.3
   Compiling lalrpop-util v0.22.2
   Compiling safe_arch v1.0.0
   Compiling tokio-stream v0.1.18
   Compiling rustix-linux-procfs v0.1.1
   Compiling ena v0.14.4
   Compiling arc-swap v1.9.1
   Compiling netwatch v0.19.0
   Compiling iroh-dns v1.0.0
   Compiling iroh-metrics-derive v1.0.1
   Compiling strum_macros v0.28.0
   Compiling proc-macro-error-attr v0.4.12
   Compiling thread_local v1.1.9
   Compiling pico-args v0.5.0
   Compiling gimli v0.32.3
   Compiling maybe-owned v0.3.4
   Compiling convert_case v0.4.0
   Compiling mac-addr v0.3.0
   Compiling num-bigint-dig v0.8.6
   Compiling malachite-nz v0.9.1
   Compiling zstd-safe v7.2.4
   Compiling resolv-conf v0.7.6
   Compiling utf8parse v0.2.2
   Compiling ambient-authority v0.0.2
   Compiling xml-rs v0.8.28
   Compiling iana-time-zone v0.1.65
   Compiling xmltree v0.10.3
   Compiling hickory-resolver v0.26.1
   Compiling anstyle-parse v1.0.0
   Compiling addr2line v0.25.1
   Compiling strum v0.28.0
   Compiling lalrpop v0.22.2
   Compiling iroh-metrics v1.0.1
   Compiling wide v1.4.0
   Compiling ed25519-dalek v2.2.0
   Compiling rand v0.8.6
   Compiling num_enum v0.7.6
   Compiling rand_core v0.9.5
   Compiling preserves v5.0.0-rc.7
   Compiling iroh-relay v1.0.0
   Compiling tower-http v0.6.11
   Compiling structopt v0.3.26
   Compiling netlink-proto v0.12.0
   Compiling hyper-rustls v0.27.9
   Compiling netlink-packet-route v0.31.0
   Compiling n0-watcher v1.0.0
   Compiling malachite-base v0.9.1
   Compiling wasm-encoder v0.250.0
   Compiling attohttpc v0.30.1
   Compiling syn-mid v0.5.4
   Compiling simple-dns v0.11.3
   Compiling ittapi-sys v0.4.0
   Compiling proc-macro2-diagnostics v0.10.1
   Compiling ahash v0.8.12
   Compiling proc-macro-error v0.4.12
   Compiling vstd v0.0.0-2026-01-25-0057
   Compiling cap-std v3.4.5
   Compiling wasmtime-internal-unwinder v45.0.0
   Compiling simdutf8 v0.1.5
   Compiling anstyle v1.0.14
   Compiling linkme-impl v0.3.37
   Compiling litrs v1.0.0
   Compiling anstyle-query v1.1.5
   Compiling wasm-encoder v0.239.0
   Compiling redb v2.6.3
   Compiling thiserror v1.0.69
   Compiling static_assertions v1.1.0
   Compiling prettyplease v0.2.37
   Compiling is_terminal_polyfill v1.70.2
   Compiling sha1_smol v1.0.1
   Compiling rayon-core v1.13.0
   Compiling proc-macro-hack v0.5.20+deprecated
   Compiling tokio-websockets v0.13.2
   Compiling anstream v1.0.0
   Compiling document-features v0.2.12
   Compiling wast v250.0.0
   Compiling igd-next v0.17.0
   Compiling reqwest v0.13.4
   Compiling backtrace v0.3.76
   Compiling verus_builtin_macros v0.0.0-2026-01-25-0057
   Compiling signal-hook-mio v0.2.5
   Compiling preserves-schema v6.0.0-rc.6
   Compiling rand_chacha v0.9.0
   Compiling verus_state_machines_macros v0.0.0-2026-01-25-0057
   Compiling wit-parser v0.248.0
   Compiling primeorder v0.13.6
   Compiling wasmtime-internal-fiber v45.0.0
   Compiling wasmtime-internal-jit-debug v45.0.0
   Compiling crossbeam-deque v0.8.6
   Compiling pkcs1 v0.7.5
   Compiling iroh v1.0.0
   Compiling lru v0.18.0
   Compiling thiserror-impl v1.0.69
   Compiling dirs-sys-next v0.1.2
   Compiling seize v0.5.1
   Compiling syn v3.0.4
   Compiling unicode-linebreak v0.1.5
   Compiling ref-cast v1.0.25
   Compiling typed-arena v2.0.2
   Compiling is_ci v1.2.0
   Compiling wasmtime-internal-cranelift v45.0.0
   Compiling leb128 v0.2.6
   Compiling wasmtime-internal-component-macro v45.0.0
   Compiling arrayvec v0.5.2
   Compiling clap_lex v1.1.0
   Compiling verus_builtin v0.0.0-2026-01-25-0057
   Compiling yansi v1.0.1
   Compiling cmov v0.5.3
   Compiling wasmtime-internal-cache v45.0.0
   Compiling linkme v0.3.37
   Compiling fixedbitset v0.4.2
   Compiling petgraph v0.6.5
   Compiling ctutils v0.4.2
   Compiling clap_builder v4.6.0
   Compiling pretty v0.12.5
   Compiling wast v35.0.2
   Compiling supports-color v3.0.2
   Compiling textwrap v0.16.2
   Compiling papaya v0.2.4
   Compiling directories-next v2.0.0
   Compiling rsa v0.9.10
   Compiling wasmtime-internal-wit-bindgen v45.0.0
   Compiling syndicate-schema-plugin v0.12.0-rc.1
   Compiling rand v0.9.4
   Compiling crossterm v0.29.0
   Compiling malachite-q v0.9.1
   Compiling zstd v0.13.3
   Compiling backtrace-ext v0.2.1
   Compiling portmapper v0.19.0
   Compiling wat v1.250.0
   Compiling chrono v0.4.44
   Compiling fuzzy-matcher v0.3.7
   Compiling cranelift-frontend v0.132.0
   Compiling cranelift-native v0.132.0
   Compiling wit-parser v0.239.0
   Compiling yasna v0.6.0
   Compiling snafu-derive v0.8.9
   Compiling wasmtime v45.0.0
   Compiling num-rational v0.4.2
   Compiling debugid v0.8.0
   Compiling logos-codegen v0.16.1
   Compiling backon v1.6.0
   Compiling pem v3.0.6
   Compiling content-identity-core v0.1.0 (https://seed.radicle.garden/zA14jhTdwST4PxPBdsryc4zS7Kpq.git?rev=7f55597b5dc879b7601856e8d7fd0dbacaa2a498#7f55597b)
   Compiling terminal_size v0.4.4
   Compiling clap_derive v4.6.1
   Compiling ref-cast-impl v1.0.25
   Compiling miette-derive v7.6.0
   Compiling bitmaps v3.2.1
   Compiling owo-colors v4.4.0
   Compiling jiff-core v0.1.0
   Compiling dyn-clone v1.0.20
   Compiling bs58 v0.5.1
   Compiling supports-unicode v3.0.0
   Compiling supports-hyperlinks v3.2.0
   Compiling miette v7.6.0
   Compiling verified-logic v0.2.0 (ssh://git@github.com/OnixResearch/basalt.git?rev=89675cd4f585f837323c049e4a25f7b94c903038#89675cd4)
   Compiling jiff v0.2.35
   Compiling inquire v0.9.4
   Compiling imbl-sized-chunks v0.1.3
   Compiling clap v4.6.1
   Compiling logos-derive v0.16.1
   Compiling schema-identity-core v0.1.0 (https://seed.radicle.garden/z6gGpUJtzdVBCCtZTzh4cV1skv4H.git?rev=2562c8aa38a034061f9af9f3e17280494a5b8de2#2562c8aa)
   Compiling rcgen v0.14.8
   Compiling fxprof-processed-profile v0.8.1
   Compiling snafu v0.8.9
   Compiling genawaiter-proc-macro v0.99.1
   Compiling wasm-metadata v0.239.0
   Compiling hashbrown v0.14.5
   Compiling ittapi v0.4.0
   Compiling wasm-compose v0.248.0
   Compiling malachite-float v0.9.1
   Compiling rayon v1.12.0
   Compiling witx v0.9.1
   Compiling ouroboros_macro v0.18.5
   Compiling hashlink v0.10.0
   Compiling p384 v0.13.1
   Compiling p256 v0.13.2
   Compiling nickel-lang-parser v0.3.0
   Compiling k256 v0.13.4
   Compiling flate2 v1.1.9
   Compiling addr2line v0.26.1
   Compiling ucan-core v0.1.0 (ssh://git@github.com/OnixResearch/basalt.git?rev=89675cd4f585f837323c049e4a25f7b94c903038#89675cd4)
   Compiling codespan-reporting v0.13.1
   Compiling wasmtime-internal-jit-icache-coherence v45.0.0
   Compiling iddqd v0.4.5
   Compiling concurrent-queue v2.5.0
   Compiling replay-ledger-core v0.1.0 (https://seed.radicle.garden/z3kGDT73ja8rewvGLwJFLF5MTx1ih.git?rev=a0de79303f3f45c18a34fff535b690a85cb3cf59#a0de7930)
   Compiling revocation-view-core v0.1.0 (https://seed.radicle.garden/z3kGDT73ja8rewvGLwJFLF5MTx1ih.git?rev=a0de79303f3f45c18a34fff535b690a85cb3cf59#a0de7930)
   Compiling bounded-http-core v0.1.0 (https://seed.radicle.garden/z4ARxEt93T6gJTrTZpUyKHMAemPiv.git?rev=5abc2b93e0f288aba251a0750ce2d716eb9757fc#5abc2b93)
   Compiling memfd v0.6.5
   Compiling inplace-vec-builder v0.1.1
   Compiling secrecy v0.10.3
   Compiling irpc-derive v0.17.0
   Compiling encoding_rs v0.8.35
   Compiling etcetera v0.11.0
   Compiling redb v4.1.0
   Compiling cap-fs-ext v3.4.5
   Compiling wit-bindgen-rust v0.46.0
   Compiling dotenvy v0.15.7
   Compiling wiggle-macro v45.0.0
   Compiling detect-coding-agent v0.1.1
   Compiling aliasable v0.1.3
   Compiling binary-merge v0.1.2
   Compiling arraydeque v0.5.1
   Compiling regex-syntax v0.6.29
   Compiling icu_casemap_data v2.2.0
   Compiling genawaiter-macro v0.99.1
   Compiling colored v3.1.1
   Compiling secretspec v0.17.0
   Compiling regex-automata v0.1.10
   Compiling genawaiter v0.99.1
   Compiling saphyr-parser v0.0.6
   Compiling range-collections v0.4.6
   Compiling ouroboros v0.18.5
   Compiling irpc v0.17.0
   Compiling bounded-http v0.1.0 (https://seed.radicle.garden/z4ARxEt93T6gJTrTZpUyKHMAemPiv.git?rev=5abc2b93e0f288aba251a0750ce2d716eb9757fc#5abc2b93)
   Compiling ucan v0.1.0 (ssh://git@github.com/OnixResearch/basalt.git?rev=89675cd4f585f837323c049e4a25f7b94c903038#89675cd4)
   Compiling event-listener v5.4.1
   Compiling codespan v0.13.1
   Compiling ucan-nostr v0.1.0 (ssh://git@github.com/OnixResearch/basalt.git?rev=89675cd4f585f837323c049e4a25f7b94c903038#89675cd4)
   Compiling jsonwebtoken v11.0.0
   Compiling wiggle-generate v45.0.0
   Compiling malachite v0.9.1
   Compiling dashmap v6.2.1
   Compiling wit-component v0.239.0
   Compiling logos v0.16.1
   Compiling nickel-lang-vector v0.2.0
   Compiling wit-bindgen-core v0.46.0
   Compiling nickel-lang-core v0.18.0
   Compiling toml_edit v0.24.1+spec-1.1.0
   Compiling iroh-io v0.6.2
   Compiling artifact-auth-core v0.1.0 (ssh://git@github.com/OnixResearch/onix-artifact.git?rev=c932138d880ddf4c2967f4c024b489b5c0022bf1#c932138d)
   Compiling castaway v0.2.4
   Compiling nix v0.30.1
   Compiling iroh-blobs v0.103.0
   Compiling num-complex v0.4.6
   Compiling md-5 v0.10.6
   Compiling bigdecimal v0.4.10
   Compiling bitmaps v2.1.0
   Compiling vte v0.14.1
   Compiling im-rc v15.1.0
   Compiling positioned-io v0.3.5
   Compiling redb v3.1.3
   Compiling hex v0.4.3
   Compiling self_cell v1.2.2
   Compiling unsafe-libyaml v0.2.11
   Compiling wit-bindgen-rust-macro v0.46.0
   Compiling anymap3 v1.0.1
   Compiling simple-counter v0.1.0
   Compiling serde_yaml v0.9.34+deprecated
   Compiling generic_singleton v0.5.3
   Compiling bao-tree v0.16.0
   Compiling sized-chunks v0.6.5
   Compiling strip-ansi-escapes v0.2.1
   Compiling num v0.4.3
   Compiling compact_str v0.8.2
   Compiling lasso v0.7.3
   Compiling syndicate v0.44.0-rc.3
   Compiling basalt v0.1.0 (ssh://git@github.com/OnixResearch/basalt.git?rev=89675cd4f585f837323c049e4a25f7b94c903038#89675cd4)
   Compiling event-listener-strategy v0.5.4
   Compiling matchers v0.0.1
   Compiling iroh-util v0.6.0
   Compiling schema-migration-core v0.1.0 (https://seed.radicle.garden/z1C4YVMgDGyVdQa72uPNj3UDS5cY.git?rev=4fe90e130f2871cf69a6febcdc70785adca98aea#4fe90e13)
   Compiling kamacite-core v0.1.0 (ssh://git@github.com/OnixResearch/kamacite.git?rev=d76fe4abe543724d8fc0ac4b362187caf2e27622#d76fe4ab)
   Compiling iroh-tickets v1.0.0
   Compiling nested_enum_utils v0.2.3
   Compiling codegen v0.2.0
   Compiling futures-concurrency v7.7.1
   Compiling sharded-slab v0.1.7
   Compiling half v2.7.1
   Compiling rand_xoshiro v0.6.0
   Compiling choregraph-history v0.1.0 (https://seed.radicle.garden/zL2ncTUeASVYwcoGkEXv9JKgGbAF.git?rev=b3e08e19750f53bdbcae970cdf58a47a791ed20b#b3e08e19)
   Compiling reflink-copy v0.1.29
   Compiling tracing-serde v0.1.3
   Compiling tracing-log v0.1.4
   Compiling iroh-docs v0.101.0
   Compiling ordered-float v5.3.0
   Compiling sha-1 v0.10.1
   Compiling thin-vec v0.2.18
   Compiling json_scanner v0.1.0
   Compiling indoc v2.0.7
   Compiling wasmparser v0.240.0
   Compiling artifact-binding-core v0.1.0 (ssh://git@github.com/OnixResearch/onix-artifact.git?rev=c932138d880ddf4c2967f4c024b489b5c0022bf1#c932138d)
   Compiling wit-bindgen v0.46.0
   Compiling transactional-reconciliation-core v0.1.0 (https://seed.radicle.garden/z4Tky6zvC8w4Y6c4YBzNxVbq5n752.git?rev=eb2bd3441753af97bfcb247cef7cc22d72675b62#eb2bd344)
   Compiling ciborium-io v0.2.2
   Compiling ciborium-ll v0.2.2
   Compiling molten-core v0.1.0 (/home/brittonr/git/OnixResearch/molten-worktrees/node-content-service/crates/molten-core)
   Compiling steel-parser v0.8.2
   Compiling tracing-subscriber v0.2.25
   Compiling iroh-gossip v0.101.0
   Compiling steel-gen v0.8.2
   Compiling icu_casemap v2.2.0
   Compiling async-channel v2.5.0
   Compiling wiggle v45.0.0
   Compiling preserves v4.996.0
   Compiling im-lists v0.11.4
   Compiling wasmtime-wasi-io v45.0.0
   Compiling cap-net-ext v3.4.5
   Compiling cap-time-ext v3.4.5
   Compiling codespan-reporting v0.11.1
   Compiling tracing-futures v0.2.5
   Compiling crossbeam-queue v0.3.12
   Compiling xattr v1.6.1
   Compiling polling v3.11.0
   Compiling tokio-util v0.6.10
   Compiling blake2 v0.10.6
   Compiling steel-quickscope v0.3.2
   Compiling serde-error v0.1.3
   Compiling bincode v1.3.3
   Compiling shared_vector v0.4.5
   Compiling steel-derive v0.8.2
   Compiling filetime v0.2.29
   Compiling which v8.0.2
   Compiling env_home v0.1.0
   Compiling bounded-exec-core v0.1.0 (https://git.onix.computer/z2CpqLFpdP36fZXYUK5ZNWxMibpCo.git?rev=29dac88ecded94457572db3fdfaaaab95fa91525#29dac88e)
   Compiling weak-table v0.3.2
   Compiling xdg v3.0.0
   Compiling bounded-exec v0.1.0 (https://git.onix.computer/z2CpqLFpdP36fZXYUK5ZNWxMibpCo.git?rev=29dac88ecded94457572db3fdfaaaab95fa91525#29dac88e)
   Compiling steel-core v0.8.2
   Compiling tar v0.4.46
   Compiling wasmtime-wasi v45.0.0
   Compiling cairn-core v0.1.0 (ssh://git@github.com/OnixResearch/cairn.git?rev=3b4c280b893f2709aebea21fc51a4f9eeba3fe3b#3b4c280b)
   Compiling molten-node-host v0.1.0 (/home/brittonr/git/OnixResearch/molten-worktrees/node-content-service/crates/molten-node-host)
   Compiling nickel-lang v2.2.0
   Compiling ciborium v0.2.2
   Compiling artifact-auth-ed25519 v0.1.0 (ssh://git@github.com/OnixResearch/onix-artifact.git?rev=c932138d880ddf4c2967f4c024b489b5c0022bf1#c932138d)
   Compiling valence-core v0.1.0 (ssh://git@github.com/OnixResearch/valence.git?rev=5f1c2ba5072c6f9622fa59b1af20502985f569fd#5f1c2ba5)
   Compiling chaoscontrol-snapshot-descriptor v0.1.0 (https://github.com/brittonr/chaoscontrol.git?rev=b8c440ea3b19df796542e58e8ee36200e1c3db85#b8c440ea)
   Compiling hegeltest-macros v0.14.12 (https://github.com/hegeldev/hegel-rust?rev=ed949b8084595cb467e983747f1089e214965ac6#ed949b80)
   Compiling molten v0.1.0 (/home/brittonr/git/OnixResearch/molten-worktrees/node-content-service)
   Compiling hegeltest v0.14.12 (https://github.com/hegeldev/hegel-rust?rev=ed949b8084595cb467e983747f1089e214965ac6#ed949b80)
   Compiling schema-identity-conformance v0.1.0 (https://seed.radicle.garden/z6gGpUJtzdVBCCtZTzh4cV1skv4H.git?rev=2562c8aa38a034061f9af9f3e17280494a5b8de2#2562c8aa)
   Compiling cap-tempfile v3.4.5
    Finished `test` profile [unoptimized] target(s) in 6m 37s
     Running unittests examples/content-blob-vm.rs (/home/brittonr/.cargo-target/molten-node97/debug/examples/content_blob_vm-a7b01dfe5b0c8cf5)

running 2 tests
test tests::archive_identity_and_output_are_not_replaceable ... ok
test tests::handoff_admission_checks_membership_bounds_and_independent_expectations_without_network ... ok

test result: ok. 2 passed; 0 failed; 0 ignored; 0 measured; 0 filtered out; finished in 0.01s

          Finished with result: success
Main processes terminated with: code=exited, status=0/SUCCESS
               Service runtime: 6min 38.030s
             CPU time consumed: 13min 29.541s
                   Memory peak: 7.9G (swap: 0B)
