┌───────────────────────────────────────┐
│ Task 10382:    completed successfully │
└───────────────────────────────────────┘
Command: timeout -k 2s 25s ssh -o BatchMode=yes -o StrictHostKeyChecking=yes -o ConnectTimeout=8 britton-desktop /run/current-system/sw/bin/sh -s <<'SH' 
         for name in executable-extent vm-cohort; do                                                                                                     
           path="$HOME/git/OnixResearch/$name"                                                                                                           
           if test -d "$path/.git"; then                                                                                                                 
             printf 'OWNER %s\n' "$path"                                                                                                                 
             git -C "$path" remote -v                                                                                                                    
           fi                                                                                                                                            
         done                                                                                                                                            
         for rid in z37R1bP1kHcELs89RNbQRaqbCVKxB z2QJLUqyAZnnHPiZQ1BFjLsX9ush3; do                                                                      
           path="$HOME/.radicle/storage/$rid"                                                                                                            
           if test -d "$path"; then                                                                                                                      
             printf 'RADICLE %s\n' "$rid"                                                                                                                
             git --git-dir="$path" cat-file -t 025d9636f0161777710dac37b3c210ca0ad9483f 2>/dev/null || true                                              
             git --git-dir="$path" cat-file -t 31f1696ba9391bfda8577a58af84f72361d5573e 2>/dev/null || true                                              
           fi                                                                                                                                            
         done                                                                                                                                            
         SH                                                                                                                                              
   Path: /home/brittonr/git/OnixResearch/molten-worktrees/blob-vm                                                                                        
  Start: Sun, 6 Sep 2026 12:49:45 -0400                                                                                                                  
    End: Sun, 6 Sep 2026 12:49:45 -0400                                                                                                                  

output:
┌───────────────────────────────────────┐
│ Task 10383:    completed successfully │
└───────────────────────────────────────┘
Command: set -eu; root=/home/brittonr/.local/state/onix/molten-node-vm/sources; mkdir -p "$root"; test ! -e "$root/executable-extent.git"; test ! -e "$root/vm-cohort.git"; git init --bare "$root/executable-extent.git"; timeout -k 5s 120s env GIT_SSH_COMMAND='ssh -o BatchMode=yes -o StrictHostKeyChecking=yes -o ConnectTimeout=8' git --git-dir="$root/executable-extent.git" fetch --no-tags ssh://britton-desktop/home/brittonr/git/OnixResearch/executable-extent 025d9636f0161777710dac37b3c210ca0ad9483f:refs/heads/pinned; git init --bare "$root/vm-cohort.git"; timeout -k 5s 120s env GIT_SSH_COMMAND='ssh -o BatchMode=yes -o StrictHostKeyChecking=yes -o ConnectTimeout=8' git --git-dir="$root/vm-cohort.git" fetch --no-tags ssh://britton-desktop/home/brittonr/git/OnixResearch/vm-cohort 31f1696ba9391bfda8577a58af84f72361d5573e:refs/heads/pinned; git --git-dir="$root/executable-extent.git" log -1 --format='%H %T %s' pinned; git --git-dir="$root/vm-cohort.git" log -1 --format='%H %T %s' pinned 
   Path: /home/brittonr/git/OnixResearch/molten-worktrees/blob-vm                                                                                                                                                                                                                                                                                                                                                                                                                                                                                                                                                                                                                                                                                                                                                                                                                                                                                                                                                                  
  Start: Sun, 6 Sep 2026 12:50:21 -0400                                                                                                                                                                                                                                                                                                                                                                                                                                                                                                                                                                                                                                                                                                                                                                                                                                                                                                                                                                                            
    End: Sun, 6 Sep 2026 12:50:22 -0400                                                                                                                                                                                                                                                                                                                                                                                                                                                                                                                                                                                                                                                                                                                                                                                                                                                                                                                                                                                            

output:
┌───────────────────────────────────────┐
│ Task 10386:    completed successfully │
└───────────────────────────────────────┘
Command: set -eu; root=/home/brittonr/.local/state/onix/molten-node-vm/sources; mkdir "$root/executable-extent" "$root/vm-cohort"; git --git-dir="$root/executable-extent.git" archive pinned > "$root/executable-extent.tar"; tar -xf "$root/executable-extent.tar" -C "$root/executable-extent"; git --git-dir="$root/vm-cohort.git" archive pinned > "$root/vm-cohort.tar"; tar -xf "$root/vm-cohort.tar" -C "$root/vm-cohort"; a=$(nix hash path "$root/executable-extent"); b=$(nix hash path "$root/vm-cohort"); printf 'executable-extent NAR: %s\nvm-cohort NAR: %s\n' "$a" "$b"; test "$a" = 'sha256-gN8jGxgxwckXu/YyG/p2YGkQnPrsJZPfkCy5t3r3yo4='; test "$b" = 'sha256-XLBmSBNJg9D4sZJ9krzkPz46ohww/pqVNxSgIvUNfn4='; printf '%s\n' 'Both source trees match unchanged Molten flake.lock NAR pins.' 
   Path: /home/brittonr/git/OnixResearch/molten-worktrees/node-content-service                                                                                                                                                                                                                                                                                                                                                                                                                                                                                                                                                                                                                                                                                                                                
  Start: Sun, 6 Sep 2026 12:52:22 -0400                                                                                                                                                                                                                                                                                                                                                                                                                                                                                                                                                                                                                                                                                                                                                                       
    End: Sun, 6 Sep 2026 12:52:22 -0400                                                                                                                                                                                                                                                                                                                                                                                                                                                                                                                                                                                                                                                                                                                                                                       

output:
┌──────────────────────────────────────────┐
│ Task 10387:    failed with exit code 101 │
└──────────────────────────────────────────┘
Command: . /home/brittonr/.local/state/onix/native-runtime-replay/review/worker-env.sh && . /home/brittonr/.local/state/onix/molten-node-vm/source-cache-env.sh && timeout -k 10s 600s cargo fetch --locked && git diff --exit-code -- Cargo.toml Cargo.lock flake.lock 
   Path: /home/brittonr/git/OnixResearch/molten-worktrees/node-content-service                                                                                                                                                                                          
  Start: Sun, 6 Sep 2026 12:52:51 -0400                                                                                                                                                                                                                                 
    End: Sun, 6 Sep 2026 12:53:02 -0400                                                                                                                                                                                                                                 

output:
┌───────────────────────────────────────┐
│ Task 10389:    completed successfully │
└───────────────────────────────────────┘
Command: git --git-dir=/home/brittonr/.local/state/onix/molten-node-vm/sources/executable-extent.git symbolic-ref HEAD refs/heads/pinned && git --git-dir=/home/brittonr/.local/state/onix/molten-node-vm/sources/vm-cohort.git symbolic-ref HEAD refs/heads/pinned && . /home/brittonr/.local/state/onix/native-runtime-replay/review/worker-env.sh && . /home/brittonr/.local/state/onix/molten-node-vm/source-cache-env.sh && export CARGO_NET_RETRY=0 && timeout -k 10s 600s cargo fetch --locked && git diff --exit-code -- Cargo.toml Cargo.lock flake.lock 
   Path: /home/brittonr/git/OnixResearch/molten-worktrees/node-content-service                                                                                                                                                                                                                                                                                                                                                                                                                                                                                    
  Start: Sun, 6 Sep 2026 12:53:45 -0400                                                                                                                                                                                                                                                                                                                                                                                                                                                                                                                           
    End: Sun, 6 Sep 2026 12:53:50 -0400                                                                                                                                                                                                                                                                                                                                                                                                                                                                                                                           

output:
┌──────────────────────────────────────────┐
│ Task 10391:    failed with exit code 101 │
└──────────────────────────────────────────┘
Command: . /home/brittonr/.local/state/onix/native-runtime-replay/review/worker-env.sh && export CARGO_TARGET_DIR=/home/brittonr/.cargo-target CARGO_PROFILE_DEV_DEBUG=0 CARGO_PROFILE_TEST_DEBUG=0 && timeout -k 10s 900s cargo test --offline --locked --example content-blob-vm -- --nocapture && timeout -k 10s 900s cargo clippy --offline --locked --example content-blob-vm -- -D warnings 
   Path: /home/brittonr/git/OnixResearch/molten-worktrees/node-content-service                                                                                                                                                                                                                                                                                                                    
  Start: Sun, 6 Sep 2026 12:55:15 -0400                                                                                                                                                                                                                                                                                                                                                           
    End: Sun, 6 Sep 2026 12:55:16 -0400                                                                                                                                                                                                                                                                                                                                                           

output:
┌───────────────────────────────────────┐
│ Task 10395:    completed successfully │
└───────────────────────────────────────┘
Command: /nix/store/ywbq1z244am4y1m81pmxhmxipcccdxg2-rust-minimal-1.97.1/bin/rustc --version && /nix/store/ywbq1z244am4y1m81pmxhmxipcccdxg2-rust-minimal-1.97.1/bin/cargo --version && systemd-run --user --wait --pipe --collect --service-type=exec --expand-environment=no --unit=molten-node-baseline-20260906 --property=RuntimeMaxSec=900 --property=TimeoutStopSec=10 --property=KillMode=control-group --property=MemoryMax=16G --property=MemorySwapMax=0 --working-directory=/home/brittonr/git/OnixResearch/molten-worktrees/node-content-service --setenv=PATH=/nix/store/ywbq1z244am4y1m81pmxhmxipcccdxg2-rust-minimal-1.97.1/bin:/etc/profiles/per-user/brittonr/bin:/run/current-system/sw/bin --setenv=RUSTC_BOOTSTRAP=1 --setenv=CARGO_TARGET_DIR=/home/brittonr/.cargo-target/molten-node97 --setenv=CARGO_BUILD_JOBS=2 --setenv=CARGO_PROFILE_DEV_DEBUG=0 --setenv=CARGO_PROFILE_TEST_DEBUG=0 /nix/store/ywbq1z244am4y1m81pmxhmxipcccdxg2-rust-minimal-1.97.1/bin/cargo test --offline --locked --example content-blob-vm -- --nocapture 
   Path: /home/brittonr/git/OnixResearch/molten-worktrees/node-content-service                                                                                                                                                                                                                                                                                                                                                                                                                                                                                                                                                                                                                                                                                                                                                                                                                                                                                                                                                                              
  Start: Sun, 6 Sep 2026 12:58:52 -0400                                                                                                                                                                                                                                                                                                                                                                                                                                                                                                                                                                                                                                                                                                                                                                                                                                                                                                                                                                                                                     
    End: Sun, 6 Sep 2026 13:05:31 -0400                                                                                                                                                                                                                                                                                                                                                                                                                                                                                                                                                                                                                                                                                                                                                                                                                                                                                                                                                                                                                     

output:
┌───────────────────────────────────────┐
│ Task 10405:    completed successfully │
└───────────────────────────────────────┘
Command: systemd-run --user --wait --pipe --collect --service-type=exec --expand-environment=no --unit=molten-node-clippy-20260906 --property=RuntimeMaxSec=900 --property=TimeoutStopSec=10 --property=KillMode=control-group --property=MemoryMax=16G --property=MemorySwapMax=0 --working-directory=/home/brittonr/git/OnixResearch/molten-worktrees/node-content-service --setenv=PATH=/nix/store/ywbq1z244am4y1m81pmxhmxipcccdxg2-rust-minimal-1.97.1/bin:/etc/profiles/per-user/brittonr/bin:/run/current-system/sw/bin --setenv=RUSTC_BOOTSTRAP=1 --setenv=CARGO_TARGET_DIR=/home/brittonr/.cargo-target/molten-node97 --setenv=CARGO_BUILD_JOBS=2 --setenv=CARGO_PROFILE_DEV_DEBUG=0 --setenv=CARGO_PROFILE_TEST_DEBUG=0 /nix/store/ywbq1z244am4y1m81pmxhmxipcccdxg2-rust-minimal-1.97.1/bin/cargo clippy --offline --locked --example content-blob-vm -- -D warnings 
   Path: /home/brittonr/git/OnixResearch/molten-worktrees/node-content-service                                                                                                                                                                                                                                                                                                                                                                                                                                                                                                                                                                                                                                                                                                                                                                                                
  Start: Sun, 6 Sep 2026 13:07:00 -0400                                                                                                                                                                                                                                                                                                                                                                                                                                                                                                                                                                                                                                                                                                                                                                                                                                       
    End: Sun, 6 Sep 2026 13:10:27 -0400                                                                                                                                                                                                                                                                                                                                                                                                                                                                                                                                                                                                                                                                                                                                                                                                                                       

output:
┌───────────────────────────────────────┐
│ Task 10392:    completed successfully │
└───────────────────────────────────────┘
Command: git worktree add --detach /home/brittonr/git/cairn-worktrees/molten-policy-pin 3b4c280b893f2709aebea21fc51a4f9eeba3fe3b && . /home/brittonr/.local/state/onix/native-runtime-replay/review/worker-env.sh && export CARGO_TARGET_DIR=/home/brittonr/.cargo-target/molten-policy-tool CARGO_PROFILE_DEV_DEBUG=0 CARGO_NET_RETRY=0 && timeout -k 10s 180s cargo fetch --locked --manifest-path /home/brittonr/git/cairn-worktrees/molten-policy-pin/Cargo.toml && timeout -k 10s 900s cargo build --offline --locked --manifest-path /home/brittonr/git/cairn-worktrees/molten-policy-pin/Cargo.toml -p cairn-cli --bin cairn 
   Path: /home/brittonr/git/cairn                                                                                                                                                                                                                                                                                                                                                                                                                                                                                                                                                                                                   
  Start: Sun, 6 Sep 2026 12:56:13 -0400                                                                                                                                                                                                                                                                                                                                                                                                                                                                                                                                                                                             
    End: Sun, 6 Sep 2026 12:56:25 -0400                                                                                                                                                                                                                                                                                                                                                                                                                                                                                                                                                                                             

output:
┌────────────────────────────────────────┐
│ Task 10396:    failed with exit code 1 │
└────────────────────────────────────────┘
Command: /home/brittonr/.cargo-target/molten-policy-tool/debug/cairn gate proposal content-blob-vm-transfer --root . > /home/brittonr/.local/state/onix/molten-node-vm/pinned-cairn-proposal.json; result=$?; printf 'pinned Cairn proposal exit=%s\n' "$result"; exit "$result" 
   Path: /home/brittonr/git/OnixResearch/molten-worktrees/node-content-service                                                                                                                                                                                                   
  Start: Sun, 6 Sep 2026 12:59:01 -0400                                                                                                                                                                                                                                          
    End: Sun, 6 Sep 2026 12:59:01 -0400                                                                                                                                                                                                                                          

output:
┌────────────────────────────────────────┐
│ Task 10409:    failed with exit code 1 │
└────────────────────────────────────────┘
Command: /nix/store/50z2x3404gqyjjnld4m2iq7hdmbwmv6n-nickel-1.17.0/bin/nickel export cairn-policy/default.ncl > /home/brittonr/.local/state/onix/molten-node-vm/policy-after.json && cp /home/brittonr/.local/state/onix/molten-node-vm/policy-after.json cairn-policy/generated/cairn-policy.json && /nix/store/khx3cabpmd3zr9j0zkmfcs08jh2c5kk6-cairn-0.1.0/bin/cairn gate proposal node-content-service --root . > /home/brittonr/.local/state/onix/molten-node-vm/current-cairn-proposal.json; result=$?; printf 'Current Cairn proposal exit=%s\n' "$result"; exit "$result" 
   Path: /home/brittonr/git/OnixResearch/molten-worktrees/node-content-service                                                                                                                                                                                                                                                                                                                                                                                                                                                                                                    
  Start: Sun, 6 Sep 2026 13:11:08 -0400                                                                                                                                                                                                                                                                                                                                                                                                                                                                                                                                           
    End: Sun, 6 Sep 2026 13:11:09 -0400                                                                                                                                                                                                                                                                                                                                                                                                                                                                                                                                           

output:
┌────────────────────────────────────────┐
│ Task 10411:    failed with exit code 1 │
└────────────────────────────────────────┘
Command: /nix/store/50z2x3404gqyjjnld4m2iq7hdmbwmv6n-nickel-1.17.0/bin/nickel export cairn-policy/default.ncl > /home/brittonr/.local/state/onix/molten-node-vm/policy-after.json && cp /home/brittonr/.local/state/onix/molten-node-vm/policy-after.json cairn-policy/generated/cairn-policy.json && /nix/store/khx3cabpmd3zr9j0zkmfcs08jh2c5kk6-cairn-0.1.0/bin/cairn gate proposal node-content-service --root . > /home/brittonr/.local/state/onix/molten-node-vm/current-cairn-proposal.json; result=$?; printf 'Current Cairn proposal exit=%s\n' "$result"; exit "$result" 
   Path: /home/brittonr/git/OnixResearch/molten-worktrees/node-content-service                                                                                                                                                                                                                                                                                                                                                                                                                                                                                                    
  Start: Sun, 6 Sep 2026 13:12:13 -0400                                                                                                                                                                                                                                                                                                                                                                                                                                                                                                                                           
    End: Sun, 6 Sep 2026 13:12:14 -0400                                                                                                                                                                                                                                                                                                                                                                                                                                                                                                                                           

output:
┌───────────────────────────────────────┐
│ Task 10414:    completed successfully │
└───────────────────────────────────────┘
Command: set -eu; cp cairn-policy/contracts.ncl /home/brittonr/.local/state/onix/molten-node-vm/policy-contracts-experiment.ncl; cp cairn-policy/default.ncl /home/brittonr/.local/state/onix/molten-node-vm/policy-default-experiment.ncl; git restore --source=HEAD -- cairn-policy/contracts.ncl cairn-policy/default.ncl cairn-policy/generated/cairn-policy.json; git diff --exit-code -- Cargo.toml Cargo.lock flake.lock cairn-policy; git status --short; systemctl --user show molten-node-baseline-20260906.service molten-node-clippy-20260906.service -p Id -p ActiveState -p MainPID 
   Path: /home/brittonr/git/OnixResearch/molten-worktrees/node-content-service                                                                                                                                                                                                                                                                                                                                                                                                                                                                                                                    
  Start: Sun, 6 Sep 2026 13:14:26 -0400                                                                                                                                                                                                                                                                                                                                                                                                                                                                                                                                                           
    End: Sun, 6 Sep 2026 13:14:26 -0400                                                                                                                                                                                                                                                                                                                                                                                                                                                                                                                                                           

output:
7b92a1642210afc189e17b2f297e9b0f18f05f0f22ca0b9ae4cbf5bb1c9ce8e9  /home/brittonr/.cargo-target/debug/examples/content-blob-vm
3e429fca9829a73ecba22f711b67c11baaa9e8958737ed781b8ec3181a66bac9  /home/brittonr/.local/share/onix/native-runtime-fixtures/3e429fca9829a73ecba22f711b67c11baaa9e8958737ed781b8ec3181a66bac9.archive
0554afc74ee01861cbd4d79068b48e28d757c67ae413ec6bebdebdc21e72f1e3  /nix/store/18vn6hgnhamb9cvql780kbkwpm2qi1g8-mantle-0.1.0/bin/mantle
