/nix/store/sh2ny8qjyx8vrdmn7b9mh4zl3b17sawx-cargo-octet-0.1.0/bin/cargo-octet
rustc 1.98.0-nightly (31a9463c6 2026-05-25)
binary: rustc
commit-hash: 31a9463c6e2794a59ce57a8f37abc6966afc2a58
commit-date: 2026-05-25
host: x86_64-unknown-linux-gnu
release: 1.98.0-nightly
LLVM version: 22.1.6
/nix/store/kr5900sh056plzzv615c79gblgwv87fl-octet-0.1.0/
/nix/store/0hxhsk7s9cr87w14iv96vkbzwhbjy3zl-cargo-octet-0.1.0/
/nix/store/dqy9j2i7d1rp6naldp5v95k4qdb6ngmy-octet-0.1.0/
/nix/store/s9iai57q6alvasnv6cn6a3pg9xc5i59a-auditable-rust-default-1.98.0-nightly-2026-05-26/
/nix/store/5sa59nxyyjkvckpc1q06dq0br0923ld7-octet-consumer-check/
/nix/store/1lx4xm7zrmghg4dwjcf5n0wiwfvcm9p5-rustfmt-preview-1.98.0-nightly-2026-05-26-x86_64-unknown-linux-gnu/
/nix/store/8nxc7y165wxslggxpqa2skmrl524vl1h-rust-src-1.98.0-nightly-2026-05-26-x86_64-unknown-linux-gnu/
/nix/store/n2mk33xda60va5sj6a0mjw4kghxbkii5-octet-consumer-check/
/nix/store/k22w0c7n2ch51n2rf14mkcz2790jnh9m-octet-consumer-check/
/nix/store/6p8hdyi2x49vczmidghddnpy2iig6ijy-rustc-1.98.0-nightly-2026-05-26-x86_64-unknown-linux-gnu/
/nix/store/1aa81jzy508ndhfrdx6ca0mvlymqkis3-octet-ui-library/
/nix/store/am0d0cdbzzj8krwxswix2qddzxrfj4mz-octet-standards-0.1.0/
/nix/store/9nq5nb6yigx3x8qhpqznw7vl2bvxmmxf-octet-production-verus-0.2026.05.17.e479cce/
/nix/store/3msrzn64hpjaaqa2wljvd58h2higfw54-octet-0.1.0/
/nix/store/d6jpj01dkw0n7r67gnm3pqa66m3d5ajs-cargo-octet-0.1.0/
/nix/store/9qw51v0iwrg8kqa8cip9nfhj7h2sipd4-octet-deps-0.1.0/
/nix/store/ygl2r2hdlp8i3f7waxam1zygwrv3hs4x-octet-deps-0.1.0/
/nix/store/r46zrvq0asvsyqgf295aqxkhcjzb9cc4-auditable-rust-default-1.98.0-nightly-2026-05-26/
/nix/store/yxbihy1mxmk37jdbzcjxsrpnb1c0dhyl-octet-deps-0.1.0/
/nix/store/k03wlpplif9aqd0a2417zq1x7slkghia-octet-standards-0.1.0/
/nix/store/frdzpwcscn2rlgpr3hf3h3cfmnr0wqp8-cargo-octet-runtime-path/
/nix/store/dn1md6swfz3pmydbwsgdnslx6y92yngr-octet-consumer-check/
/nix/store/024j6d116ffcb7ydgm8kzxb81abpnai5-octet-verus/
/nix/store/763k22p2mcyrinw5wrc1jl0614cqjbs4-cargo-octet-0.1.0/
/nix/store/pf2ddz3ilzgny2i6axdk1jjx1lc6djgy-cairn-octet-integration/
/nix/store/pvq1kw4nsxy3awbirrkxcc3mszi52nwc-octet-deny-all/
/nix/store/kvazlndh84ivpr7pcpimmkazy6wakzjw-octet-0.1.0/
/nix/store/pbq1ilzhm4v5zbz12jbkkhd8smlspa3w-octet-consumer-check/
/nix/store/y0mzkadbyg5xr407g73smw8rcyxi0f7d-octet-deps-0.1.0/
/nix/store/b2g3bjs7mvnqq1068yciyx884jsxh1nb-cargo-octet-0.1.0-fish-completions/
/nix/store/n401hnzlylq8jzflfjxwz0vvv8ai88yz-octet-0.1.0/
/nix/store/hb08sazrpvimx1gq3rym6mbn174vjzwc-octet-ui-library/
/nix/store/s4h2a9cds2a8anvjx25hqaq5wsfx1asy-octet-deps-0.1.0/
/nix/store/0jsqavgj195cin01hkhwa5bx3dmcsfan-rust-default-1.98.0-nightly-2026-05-26/
/nix/store/jlzqldanjg7yyk2yp165x15g4pda31m6-cargo-octet-0.1.0/
/nix/store/s4ai72cbq1llkdp814lkw3v1a5gxa670-octet-consumer-check/
/nix/store/78xk8wkzgy2zwsa27i2v19h81jd3iz7w-octet-deps-0.1.0/
/nix/store/ak4nnm7grqd2fz8k2p9iwdjgsalrkq21-cargo-octet-runtime-path/
/nix/store/z7wk3xvvwyzscpbgp7gr4qb30xd49r3j-cargo-1.98.0-nightly-2026-05-26-x86_64-unknown-linux-gnu/
/nix/store/v2p2q84pph974w7bj9jm4rsgb9l07jqc-cargo-octet-runtime-path/
/nix/store/kqx220ckdlcx12dbiz9i9cylxx2vy56a-octet-ui-library/
/nix/store/hjych05fmia3sb9293n29k05hz2cfm0j-octet-ui-library/
/nix/store/kr4p1wgiyp0isfdr4aplnd6zvvxl99yl-octet-dylint-lib/
/nix/store/m8j79md8kinpylqjv6xvggxpxrpnlvg2-cargo-octet-0.1.0/
/nix/store/pd2zk5x0h395qfa4jsxg4mq2pkr6lps4-cargo-octet-0.1.0/
/nix/store/cxlqmadywjwfrxz1dl7kgdz5wym8mgi4-octet-verus/
/nix/store/vky5i8cnjfpnr3qmxi08dyblxyl1rmpq-cargo-octet-0.1.0/
/nix/store/5iw34fy2h74f4yg9lrpcqq3lw97x9gsr-octet-ui-library/
/nix/store/cb02jr7r1a2k8k2hlahmk8c90421czvq-octet-production-verus-0.2026.05.17.e479cce/
/nix/store/6ni2c342ml45s39igd6im51yncfi37fv-cargo-octet-0.1.0/
/nix/store/g7qvkmxkiqzf3cpmspcxxhrpn4m8ick6-chaoscontrol-vm-cohort-adapter-octet-workspace/
/nix/store/lbg5jrjiqi1amp1601jyf0v7rq4zrbm1-octet-0.1.0/
/nix/store/3lxsaqgfp83rjw6nggy9rcga01557s49-octet-0.1.0/
/nix/store/0j0pqnm378q0yinb717mrh1hx7rcfpf2-cargo-octet-0.1.0-fish-completions/
/nix/store/5im39fa3mqvalaa7agcyl3zgrsyk7qwp-octet-0.1.0/
/nix/store/zb89aglfycca98x40cdab2g3bad3bz3n-cargo-octet-runtime-path/
/nix/store/nb7szv1kl3ni5gnbyn8cnypg8hhnah28-octet-ui-library/
/nix/store/6v7rg9fmm3hra3xjj6hxx9h4zqi4wnga-octet-0.1.0/
/nix/store/rb8la66bp5kygvxgqfyw26p12qvvwl4i-octet-verus/
/nix/store/yck1z4ra1ic7q70ibj9j7rp8qg7v2541-octet-precommit-check/
/nix/store/a360q379sfnbwvz0fg0l3pxmqjyq4g35-octet-standards-0.1.0/
/nix/store/dszsc177078ya0dpwb0hjgvhznzkdrhi-octet-verus-toolchain-profile/
/nix/store/4c1r6m81bw3smzlxks2q2di93cv9rmhs-cargo-octet-0.1.0/
/nix/store/kc36ydxali5b9nkdfqgmmc9xwflzmfzq-octet-standards-0.1.0-fish-completions/
/nix/store/dz6dhkmay6px3n896vdyzx7gv131lpbg-rustfmt-preview-1.98.0-nightly-2026-05-26-x86_64-unknown-linux-gnu/
/nix/store/c7qcfda063a1d95gfprn2xlhcvrpp1fl-rust-default-1.98.0-nightly-2026-05-26/
/nix/store/gqs0jrwqf2ylfdg14x0jxy3hrvl7rxgj-cargo-1.98.0-nightly-2026-05-26-x86_64-unknown-linux-gnu/
/nix/store/8ki0gsax36q6dir95y9y98sb3k6jwg6n-octet-standards-0.1.0/
/nix/store/d2dfhg2mgnqh9hlbhda9pmkkg8qk9h2y-octet-dylint-lib/
/nix/store/qxhmg0h7grkm2bpqj30pfk1c91wk35x1-rust-src-1.98.0-nightly-2026-05-26-x86_64-unknown-linux-gnu/
/nix/store/v9p5x46hdblclpngxdxnalyqw23q3yr0-octet-ui-library/
/nix/store/1hwwlvkxlb873f80kpj8lcp7x06dzr9k-cargo-octet-0.1.0/
/nix/store/kg2l7zgd3q4sgpz4a2mw15cw8a2lbm1c-cargo-octet-0.1.0/
/nix/store/1yjjqynvvg0agkn6lpsa6cnwb1z8p4pv-octet-deps-0.1.0/
/nix/store/vlbzlwdhcbcnjdcsav13f746dzwnp99q-cargo-octet-0.1.0/
/nix/store/6zhk6pc3c037jd59b6rg5xcsa12y3d9d-octet-ui-library/
/nix/store/lc9g7cv6bpw3w7dxjjabgj4r506m7m4g-seaglass-octet-check-src/
/nix/store/94r6yh2ra10qwl8z572fqr07ib9mjks6-octet-standards-0.1.0-fish-completions/
/nix/store/d9p8hpgrjlrqgbk5qcf9axwnr1zbbmas-cargo-octet-0.1.0-fish-completions/
/nix/store/992hnp6gcnriymsd2ykbjvhk29qxy2n1-cargo-octet-0.1.0/
/nix/store/pyc3ajzz1vcrpcfbqab9fapj7krz6y8d-animus-octet-dylint-lib/
/nix/store/xz30s10dbldbp1fl72yklcylcklwiza8-cargo-octet-0.1.0/
/nix/store/sh2ny8qjyx8vrdmn7b9mh4zl3b17sawx-cargo-octet-0.1.0/
/nix/store/xb12x3c9dvsvsd5jbp3h3c4ysc40vyid-octet-0.1.0/
/nix/store/xajysfk82k7lyqnjl1rcqbbqf9k3p99h-octet-ui-library/
/nix/store/4sf4s1yzwk9dl80cv10shx441j175xfn-octet-consumer-check/
/nix/store/z83ygxsy8cq7bwgb5v90k952plw23w6a-octet-verusfmt-0.7.2/
/nix/store/mi6mm5da6knjkygvq1hdsygzcibz41ga-octet-assurance-profile-onixos-lifecycle-proof-v1/
/nix/store/43ybqydwm78b12mk4dsjxkklczfh26r1-octet-standards-0.1.0/
/nix/store/264i9x7va656fd7q2qkadfr1sxz8m7ab-octet-production-verus-0.2026.05.17.e479cce/
/nix/store/v1rkjlvh16wgws4ldy9zs01lfzpmjj4v-octet-standards-0.1.0-fish-completions/
/nix/store/bkq8d5nnrpx9piinxcy2qvca0f81mdk4-octet-consumer-check/
/nix/store/qx9ygdy5l5fc9c7v8i0zj9gcgaw4qqpv-animus-octet/
/nix/store/13wxcagn6d6y9ajy2kqdrnhmmwdrsq0g-octet-consumer-check/
/nix/store/bp7dw5zq54gyx5qkrm4gc616xcp2lcw4-octet-deps-0.1.0/
/nix/store/nsjh1245df138q01pbzk5xj83gchpqlc-clippy-preview-1.98.0-nightly-2026-05-26-x86_64-unknown-linux-gnu/
/nix/store/5lgn64in432smk9zaspnpph53hi4h4x9-onix-onixos-lifecycle-octet-core-receipt-0.1.0/
/nix/store/f8dkj1mqpayfpijh51803mdaxhsl446c-rust-docs-1.98.0-nightly-2026-05-26-x86_64-unknown-linux-gnu/
/nix/store/xy876752l4xkn3i4maqsxixwnw42ql1h-octet-0.1.0/
/nix/store/nkr91dhb9yl05ysi4dvpb8vhby2mxm9q-octet-dylint-lib/
37ba20b5b94069d8c325641ce2d1772014922f67
