Warning: can't set `wrap_comments = true`, unstable features are only available in nightly channel.
Warning: can't set `comment_width = 100`, unstable features are only available in nightly channel.
Warning: can't set `where_single_line = true`, unstable features are only available in nightly channel.
Warning: can't set `imports_granularity = Item`, unstable features are only available in nightly channel.
Warning: can't set `group_imports = StdExternalCrate`, unstable features are only available in nightly channel.
Warning: can't set `overflow_delimited_expr = true`, unstable features are only available in nightly channel.
Warning: can't set `trailing_comma = Vertical`, unstable features are only available in nightly channel.
Warning: can't set `inline_attribute_width = 0`, unstable features are only available in nightly channel.
Warning: can't set `unstable_features = true`, unstable features are only available in nightly channel.
Warning: can't set `wrap_comments = true`, unstable features are only available in nightly channel.
Warning: can't set `comment_width = 100`, unstable features are only available in nightly channel.
Warning: can't set `where_single_line = true`, unstable features are only available in nightly channel.
Warning: can't set `imports_granularity = Item`, unstable features are only available in nightly channel.
Warning: can't set `group_imports = StdExternalCrate`, unstable features are only available in nightly channel.
Warning: can't set `overflow_delimited_expr = true`, unstable features are only available in nightly channel.
Warning: can't set `trailing_comma = Vertical`, unstable features are only available in nightly channel.
Warning: can't set `inline_attribute_width = 0`, unstable features are only available in nightly channel.
Warning: can't set `unstable_features = true`, unstable features are only available in nightly channel.
Warning: can't set `wrap_comments = true`, unstable features are only available in nightly channel.
Warning: can't set `comment_width = 100`, unstable features are only available in nightly channel.
Warning: can't set `where_single_line = true`, unstable features are only available in nightly channel.
Warning: can't set `imports_granularity = Item`, unstable features are only available in nightly channel.
Warning: can't set `group_imports = StdExternalCrate`, unstable features are only available in nightly channel.
Warning: can't set `overflow_delimited_expr = true`, unstable features are only available in nightly channel.
Warning: can't set `trailing_comma = Vertical`, unstable features are only available in nightly channel.
Warning: can't set `inline_attribute_width = 0`, unstable features are only available in nightly channel.
Warning: can't set `unstable_features = true`, unstable features are only available in nightly channel.
Warning: can't set `wrap_comments = true`, unstable features are only available in nightly channel.
Warning: can't set `comment_width = 100`, unstable features are only available in nightly channel.
Warning: can't set `where_single_line = true`, unstable features are only available in nightly channel.
Warning: can't set `imports_granularity = Item`, unstable features are only available in nightly channel.
Warning: can't set `group_imports = StdExternalCrate`, unstable features are only available in nightly channel.
Warning: can't set `overflow_delimited_expr = true`, unstable features are only available in nightly channel.
Warning: can't set `trailing_comma = Vertical`, unstable features are only available in nightly channel.
Warning: can't set `inline_attribute_width = 0`, unstable features are only available in nightly channel.
Warning: can't set `unstable_features = true`, unstable features are only available in nightly channel.
Warning: can't set `wrap_comments = true`, unstable features are only available in nightly channel.
Warning: can't set `comment_width = 100`, unstable features are only available in nightly channel.
Warning: can't set `where_single_line = true`, unstable features are only available in nightly channel.
Warning: can't set `imports_granularity = Item`, unstable features are only available in nightly channel.
Warning: can't set `group_imports = StdExternalCrate`, unstable features are only available in nightly channel.
Warning: can't set `overflow_delimited_expr = true`, unstable features are only available in nightly channel.
Warning: can't set `trailing_comma = Vertical`, unstable features are only available in nightly channel.
Warning: can't set `inline_attribute_width = 0`, unstable features are only available in nightly channel.
Warning: can't set `unstable_features = true`, unstable features are only available in nightly channel.
Warning: can't set `wrap_comments = true`, unstable features are only available in nightly channel.
Warning: can't set `comment_width = 100`, unstable features are only available in nightly channel.
Warning: can't set `where_single_line = true`, unstable features are only available in nightly channel.
Warning: can't set `imports_granularity = Item`, unstable features are only available in nightly channel.
Warning: can't set `group_imports = StdExternalCrate`, unstable features are only available in nightly channel.
Warning: can't set `overflow_delimited_expr = true`, unstable features are only available in nightly channel.
Warning: can't set `trailing_comma = Vertical`, unstable features are only available in nightly channel.
Warning: can't set `inline_attribute_width = 0`, unstable features are only available in nightly channel.
Warning: can't set `unstable_features = true`, unstable features are only available in nightly channel.
Warning: can't set `wrap_comments = true`, unstable features are only available in nightly channel.
Warning: can't set `comment_width = 100`, unstable features are only available in nightly channel.
Warning: can't set `where_single_line = true`, unstable features are only available in nightly channel.
Warning: can't set `imports_granularity = Item`, unstable features are only available in nightly channel.
Warning: can't set `group_imports = StdExternalCrate`, unstable features are only available in nightly channel.
Warning: can't set `overflow_delimited_expr = true`, unstable features are only available in nightly channel.
Warning: can't set `trailing_comma = Vertical`, unstable features are only available in nightly channel.
Warning: can't set `inline_attribute_width = 0`, unstable features are only available in nightly channel.
Warning: can't set `unstable_features = true`, unstable features are only available in nightly channel.
Warning: can't set `wrap_comments = true`, unstable features are only available in nightly channel.
Warning: can't set `comment_width = 100`, unstable features are only available in nightly channel.
Warning: can't set `where_single_line = true`, unstable features are only available in nightly channel.
Warning: can't set `imports_granularity = Item`, unstable features are only available in nightly channel.
Warning: can't set `group_imports = StdExternalCrate`, unstable features are only available in nightly channel.
Warning: can't set `overflow_delimited_expr = true`, unstable features are only available in nightly channel.
Warning: can't set `trailing_comma = Vertical`, unstable features are only available in nightly channel.
Warning: can't set `inline_attribute_width = 0`, unstable features are only available in nightly channel.
Warning: can't set `unstable_features = true`, unstable features are only available in nightly channel.
