
[4mAvailable fields[0m
[38;5;240m•[39m cohort
[38;5;240m•[39m descriptor_blake3
[38;5;240m•[39m schema
No metadata found for this field.
warning: empty query path
 = You queried a value without requesting a specific field path. This operation can't find any metadata, beside listing the fields of a record.
 = Try to query the root configuration and provide a query path instead.
 = For example, instead of querying the expression `(import "config.ncl").module.input` with an empty path, query `config.ncl` with the `module.input` path: 
   `nickel query config.ncl --field module.input

{
  "change": "node-startup-evidence",
  "evidence_summary": {
    "docs_only": 0,
    "fixture": 0,
    "formal": 0,
    "mode": "advisory",
    "model": 0,
    "probe": 0,
    "property": 0
  },
  "input_hash": "8eda48dbc0346c0f72a642cd0731e6917ddf7ba49cec8de79585afeb72f657f2",
  "issues": [],
  "layout": "cairn",
  "policy": "cairn-default",
  "policy_hash": "d504b9473640f58c37425e4c101172bc46fba4e5489dbaecb3a8f5c633722752",
  "probe_evidence": null,
  "receipt_hash": "afaf8cc2dfa022d9739c88014a74a88b8d49be9ad35f41839478123fa41736d7",
  "stage": "proposal",
  "substance": [
    {
      "checkbox_tasks": 0,
      "kind": "proposal",
      "malformed_dependency_markers": 0,
      "path": "./.cairn/changes/node-startup-evidence/proposal.md",
      "requirement_blocks": 0,
      "scenario_blocks": 0,
      "substantive_lines": 4,
      "substantive_requirement_blocks": 0,
      "substantive_tasks": 0,
      "task_done": 0,
      "task_in_progress": 0,
      "task_todo": 0
    }
  ],
  "valid": true,
  "verdict": "PASS"
}
{
  "change": "node-startup-evidence",
  "evidence_summary": {
    "docs_only": 0,
    "fixture": 0,
    "formal": 0,
    "mode": "advisory",
    "model": 0,
    "probe": 0,
    "property": 0
  },
  "input_hash": "b2f47c4447f6a81decb15d2e5c139a45cdd5356d905df5f181656d4c47ffd71e",
  "issues": [],
  "layout": "cairn",
  "policy": "cairn-default",
  "policy_hash": "d504b9473640f58c37425e4c101172bc46fba4e5489dbaecb3a8f5c633722752",
  "probe_evidence": null,
  "receipt_hash": "de509b1cc3801b4c1bdfc19b22d85e74bee5403bf409a117c495b761d2b8e3cd",
  "stage": "design",
  "substance": [
    {
      "checkbox_tasks": 0,
      "kind": "design",
      "malformed_dependency_markers": 0,
      "path": "./.cairn/changes/node-startup-evidence/design.md",
      "requirement_blocks": 0,
      "scenario_blocks": 0,
      "substantive_lines": 10,
      "substantive_requirement_blocks": 0,
      "substantive_tasks": 0,
      "task_done": 0,
      "task_in_progress": 0,
      "task_todo": 0
    },
    {
      "checkbox_tasks": 0,
      "kind": "proposal",
      "malformed_dependency_markers": 0,
      "path": "./.cairn/changes/node-startup-evidence/proposal.md",
      "requirement_blocks": 0,
      "scenario_blocks": 0,
      "substantive_lines": 4,
      "substantive_requirement_blocks": 0,
      "substantive_tasks": 0,
      "task_done": 0,
      "task_in_progress": 0,
      "task_todo": 0
    },
    {
      "checkbox_tasks": 0,
      "kind": "delta_spec",
      "malformed_dependency_markers": 0,
      "path": "./.cairn/changes/node-startup-evidence/specs/node-startup-evidence/spec.md",
      "requirement_blocks": 3,
      "scenario_blocks": 3,
      "substantive_lines": 12,
      "substantive_requirement_blocks": 3,
      "substantive_tasks": 0,
      "task_done": 0,
      "task_in_progress": 0,
      "task_todo": 0
    }
  ],
  "valid": true,
  "verdict": "PASS"
}
{
  "change": "node-startup-evidence",
  "evidence_summary": {
    "docs_only": 0,
    "fixture": 0,
    "formal": 0,
    "mode": "advisory",
    "model": 0,
    "probe": 0,
    "property": 0
  },
  "input_hash": "9e4e777e5eb209cc04244933a68c602c7c17a2d2a6458471093b374f79c72b4e",
  "issues": [],
  "layout": "cairn",
  "policy": "cairn-default",
  "policy_hash": "d504b9473640f58c37425e4c101172bc46fba4e5489dbaecb3a8f5c633722752",
  "probe_evidence": {
    "declarations_present": false,
    "probes": []
  },
  "receipt_hash": "55f0f8a30da02c2ff8511b3d508e99b1db82dcbe88cfbbd351c92b46c262fca5",
  "stage": "tasks",
  "substance": [
    {
      "checkbox_tasks": 0,
      "kind": "design",
      "malformed_dependency_markers": 0,
      "path": "./.cairn/changes/node-startup-evidence/design.md",
      "requirement_blocks": 0,
      "scenario_blocks": 0,
      "substantive_lines": 10,
      "substantive_requirement_blocks": 0,
      "substantive_tasks": 0,
      "task_done": 0,
      "task_in_progress": 0,
      "task_todo": 0
    },
    {
      "checkbox_tasks": 0,
      "kind": "proposal",
      "malformed_dependency_markers": 0,
      "path": "./.cairn/changes/node-startup-evidence/proposal.md",
      "requirement_blocks": 0,
      "scenario_blocks": 0,
      "substantive_lines": 4,
      "substantive_requirement_blocks": 0,
      "substantive_tasks": 0,
      "task_done": 0,
      "task_in_progress": 0,
      "task_todo": 0
    },
    {
      "checkbox_tasks": 0,
      "kind": "delta_spec",
      "malformed_dependency_markers": 0,
      "path": "./.cairn/changes/node-startup-evidence/specs/node-startup-evidence/spec.md",
      "requirement_blocks": 3,
      "scenario_blocks": 3,
      "substantive_lines": 12,
      "substantive_requirement_blocks": 3,
      "substantive_tasks": 0,
      "task_done": 0,
      "task_in_progress": 0,
      "task_todo": 0
    },
    {
      "checkbox_tasks": 5,
      "kind": "tasks",
      "malformed_dependency_markers": 0,
      "path": "./.cairn/changes/node-startup-evidence/tasks.md",
      "requirement_blocks": 0,
      "scenario_blocks": 0,
      "substantive_lines": 5,
      "substantive_requirement_blocks": 0,
      "substantive_tasks": 5,
      "task_done": 0,
      "task_in_progress": 0,
      "task_todo": 5
    }
  ],
  "valid": true,
  "verdict": "PASS"
}
