    Checking cfg-if v1.0.4
    Checking libc v0.2.186
    Checking zeroize v1.9.0
    Checking subtle v2.6.1
    Checking const-oid v0.9.6
    Checking typenum v1.20.0
    Checking getrandom v0.2.17
    Checking serde_core v1.0.228
    Checking generic-array v0.14.7
    Checking block-buffer v0.10.4
    Checking crypto-common v0.1.7
    Checking digest v0.10.7
    Checking rand_core v0.6.4
    Checking base64ct v1.8.3
    Checking pem-rfc7468 v0.7.0
    Checking der v0.7.10
    Checking memchr v2.8.1
    Checking spki v0.7.3
    Checking pkcs8 v0.10.2
    Checking serde v1.0.228
    Checking arrayvec v0.7.6
    Checking cpufeatures v0.3.0
    Checking constant_time_eq v0.4.2
    Checking arrayref v0.3.9
    Checking blake3 v1.8.5
    Checking zerofrom v0.1.8
    Checking stable_deref_trait v1.2.1
    Checking yoke v0.8.2
    Checking bitflags v2.11.1
    Checking linux-raw-sys v0.12.1
    Checking signature v2.2.0
    Checking hmac v0.12.1
    Checking smallvec v1.15.1
    Checking rustix v1.1.4
    Checking zerovec v0.11.6
    Checking cpufeatures v0.2.17
    Checking libm v0.2.16
    Checking equivalent v1.0.2
    Checking num-traits v0.2.19
    Checking zerocopy v0.8.48
    Checking sha2 v0.10.9
    Checking ff v0.13.1
    Checking hashbrown v0.17.1
    Checking once_cell v1.21.4
    Checking base16ct v0.2.0
    Checking sec1 v0.7.3
    Checking indexmap v2.14.0
    Checking group v0.13.0
    Checking num-integer v0.1.46
    Checking zmij v1.0.21
    Checking tinystr v0.8.3
    Checking hkdf v0.12.4
    Checking crypto-bigint v0.5.5
    Checking ppv-lite86 v0.2.21
    Checking writeable v0.6.3
    Checking litemap v0.8.2
    Checking itoa v1.0.18
    Checking elliptic-curve v0.13.8
    Checking serde_json v1.0.149
    Checking icu_locale_core v2.2.0
    Checking zerotrie v0.2.4
    Checking potential_utf v0.1.5
    Checking simd-adler32 v0.3.10
    Checking utf8_iter v1.0.4
    Checking spin v0.9.8
    Checking adler2 v2.0.1
    Checking lazy_static v1.5.0
    Checking miniz_oxide v0.8.9
    Checking icu_collections v2.2.0
    Checking icu_provider v2.2.0
    Checking rfc6979 v0.4.0
    Checking aho-corasick v1.1.4
    Checking errno v0.3.14
    Checking regex-syntax v0.8.10
    Checking signal-hook-registry v1.4.8
    Checking ecdsa v0.16.9
    Checking icu_normalizer_data v2.2.0
    Checking icu_properties_data v2.2.0
    Checking rand_chacha v0.3.1
    Checking gimli v0.32.3
    Checking regex-automata v0.4.14
    Checking log v0.4.30
    Checking scopeguard v1.2.0
    Checking utf8parse v0.2.2
    Checking anstyle-parse v1.0.0
    Checking mio v1.2.0
    Checking lock_api v0.4.14
    Checking regex v1.12.3
    Checking addr2line v0.25.1
    Checking curve25519-dalek v4.1.3
    Checking rand v0.8.6
    Checking icu_properties v2.2.0
    Checking icu_normalizer v2.2.0
    Checking signal-hook v0.3.18
    Checking io-lifetimes v2.0.4
    Checking getrandom v0.3.4
    Checking getrandom v0.4.2
    Checking object v0.37.3
    Checking parking_lot_core v0.9.12
    Checking num-iter v0.1.45
    Checking ed25519 v2.2.3
    Checking rustls-pki-types v1.14.1
    Checking colorchoice v1.0.5
    Checking is_terminal_polyfill v1.70.2
    Checking rustc-demangle v0.1.27
    Checking anstyle-query v1.1.5
    Checking unicode-width v0.2.2
    Checking anstyle v1.0.14
    Checking untrusted v0.9.0
    Checking ring v0.17.14
    Checking anstream v1.0.0
    Checking ed25519-dalek v2.2.0
    Checking backtrace v0.3.76
    Checking num-bigint-dig v0.8.6
    Checking parking_lot v0.12.5
    Checking idna_adapter v1.2.2
    Checking rand_core v0.9.5
    Checking derive_more v2.1.1
    Checking signal-hook-mio v0.2.5
    Checking primeorder v0.13.6
    Checking pkcs1 v0.7.5
    Checking thread_local v1.1.9
    Checking unicode-linebreak v0.1.5
    Checking is_ci v1.2.0
    Checking clap_lex v1.1.0
    Checking winnow v1.0.3
    Checking strsim v0.11.1
    Checking percent-encoding v2.3.2
    Checking verus_builtin v0.0.0-2026-01-25-0057
    Checking toml_parser v1.1.2+spec-1.1.0
    Checking vstd v0.0.0-2026-01-25-0057
    Checking form_urlencoded v1.2.2
    Checking clap_builder v4.6.0
    Checking textwrap v0.16.2
    Checking supports-color v3.0.2
    Checking fuzzy-matcher v0.3.7
    Checking rsa v0.9.10
    Checking crossterm v0.29.0
    Checking rand_chacha v0.9.0
    Checking idna v1.1.0
    Checking backtrace-ext v0.2.1
    Checking io-extras v0.18.4
    Checking crc32fast v1.5.0
    Checking redb v2.6.3
    Checking anyhow v1.0.102
    Checking rustls-webpki v0.103.13
    Checking uuid v1.23.1
    Checking fs-set-times v0.20.3
    Checking rustix-linux-procfs v0.1.1
    Checking terminal_size v0.4.4
    Checking toml_datetime v0.7.5+spec-1.1.0
    Checking serde_spanned v1.1.1
    Checking pin-project-lite v0.2.17
    Checking bs58 v0.5.1
    Checking unicode-segmentation v1.13.2
    Checking maybe-owned v0.3.4
    Checking allocator-api2 v0.2.21
    Checking supports-hyperlinks v3.2.0
    Checking ipnet v2.12.0
    Checking unicode-width v0.1.14
    Checking supports-unicode v3.0.0
    Checking fastrand v2.4.1
    Checking winnow v0.7.15
    Checking owo-colors v4.4.0
    Checking base64 v0.22.1
    Checking dyn-clone v1.0.20
    Checking toml_writer v1.1.1+spec-1.1.0
    Checking ambient-authority v0.0.2
    Checking jiff-core v0.1.0
    Checking toml v0.9.12+spec-1.1.0
    Checking jiff v0.2.35
    Checking cap-primitives v3.4.5
    Checking inquire v0.9.4
    Checking miette v7.6.0
    Checking tempfile v3.27.0
    Checking hashbrown v0.16.1
    Checking verified-logic v0.2.0 (ssh://git@github.com/OnixResearch/basalt.git?rev=89675cd4f585f837323c049e4a25f7b94c903038#89675cd4)
    Checking tokio v1.52.3
    Checking thiserror v2.0.18
    Checking rustls v0.23.40
    Checking flate2 v1.1.9
    Checking url v2.5.8
    Checking rand v0.9.4
    Checking clap v4.6.1
    Checking linkme v0.3.37
    Checking httparse v1.10.1
    Checking snafu v0.8.9
    Checking p384 v0.13.1
    Checking p256 v0.13.2
    Checking webpki-roots v1.0.7
    Checking k256 v0.13.4
    Checking num-bigint v0.4.6
    Checking ucan-core v0.1.0 (ssh://git@github.com/OnixResearch/basalt.git?rev=89675cd4f585f837323c049e4a25f7b94c903038#89675cd4)
    Checking replay-ledger-core v0.1.0 (https://seed.radicle.garden/z3kGDT73ja8rewvGLwJFLF5MTx1ih.git?rev=a0de79303f3f45c18a34fff535b690a85cb3cf59#a0de7930)
    Checking bounded-http-core v0.1.0 (https://seed.radicle.garden/z4ARxEt93T6gJTrTZpUyKHMAemPiv.git?rev=5abc2b93e0f288aba251a0750ce2d716eb9757fc#5abc2b93)
    Checking revocation-view-core v0.1.0 (https://seed.radicle.garden/z3kGDT73ja8rewvGLwJFLF5MTx1ih.git?rev=a0de79303f3f45c18a34fff535b690a85cb3cf59#a0de7930)
    Checking content-identity-core v0.1.0 (https://seed.radicle.garden/zA14jhTdwST4PxPBdsryc4zS7Kpq.git?rev=7f55597b5dc879b7601856e8d7fd0dbacaa2a498#7f55597b)
    Checking secrecy v0.10.3
    Checking serde_bytes v0.11.19
    Checking etcetera v0.11.0
    Checking bytemuck v1.25.0
    Checking data-encoding v2.11.0
    Checking base64 v0.13.1
    Checking dtoa v0.4.8
    Checking foldhash v0.2.0
    Checking detect-coding-agent v0.1.1
    Checking colored v3.1.1
    Checking dotenvy v0.15.7
    Checking iddqd v0.4.5
    Checking secretspec v0.17.0
    Checking preserves v5.0.0-rc.7
    Checking ucan v0.1.0 (ssh://git@github.com/OnixResearch/basalt.git?rev=89675cd4f585f837323c049e4a25f7b94c903038#89675cd4)
    Checking schema-identity-core v0.1.0 (https://seed.radicle.garden/z6gGpUJtzdVBCCtZTzh4cV1skv4H.git?rev=2562c8aa38a034061f9af9f3e17280494a5b8de2#2562c8aa)
    Checking bounded-http v0.1.0 (https://seed.radicle.garden/z4ARxEt93T6gJTrTZpUyKHMAemPiv.git?rev=5abc2b93e0f288aba251a0750ce2d716eb9757fc#5abc2b93)
    Checking ucan-nostr v0.1.0 (ssh://git@github.com/OnixResearch/basalt.git?rev=89675cd4f585f837323c049e4a25f7b94c903038#89675cd4)
    Checking jsonwebtoken v11.0.0
    Checking cap-std v3.4.5
    Checking schema-migration-core v0.1.0 (https://seed.radicle.garden/z1C4YVMgDGyVdQa72uPNj3UDS5cY.git?rev=4fe90e130f2871cf69a6febcdc70785adca98aea#4fe90e13)
    Checking basalt v0.1.0 (ssh://git@github.com/OnixResearch/basalt.git?rev=89675cd4f585f837323c049e4a25f7b94c903038#89675cd4)
    Checking kamacite-core v0.1.0 (ssh://git@github.com/OnixResearch/kamacite.git?rev=d76fe4abe543724d8fc0ac4b362187caf2e27622#d76fe4ab)
    Checking artifact-auth-core v0.1.0 (ssh://git@github.com/OnixResearch/onix-artifact.git?rev=c932138d880ddf4c2967f4c024b489b5c0022bf1#c932138d)
    Checking choregraph-history v0.1.0 (https://seed.radicle.garden/zL2ncTUeASVYwcoGkEXv9JKgGbAF.git?rev=b3e08e19750f53bdbcae970cdf58a47a791ed20b#b3e08e19)
    Checking transactional-reconciliation-core v0.1.0 (https://seed.radicle.garden/z4Tky6zvC8w4Y6c4YBzNxVbq5n752.git?rev=eb2bd3441753af97bfcb247cef7cc22d72675b62#eb2bd344)
    Checking artifact-binding-core v0.1.0 (ssh://git@github.com/OnixResearch/onix-artifact.git?rev=c932138d880ddf4c2967f4c024b489b5c0022bf1#c932138d)
    Checking cap-fs-ext v3.4.5
    Checking cap-tempfile v3.4.5
    Checking molten-core v0.1.0 (/home/brittonr/git/OnixResearch/molten-worktrees/node-content-service/crates/molten-core)
    Checking molten-node-host v0.1.0 (/home/brittonr/git/OnixResearch/molten-worktrees/node-content-service/crates/molten-node-host)
    Finished `dev` profile [unoptimized] target(s) in 1m 01s
